[2022-03-07 16:07:29,944] {main.py:116} INFO - test logger
[2022-03-07 16:08:41,396] {main.py:116} INFO - test logger
[2022-03-07 16:08:41,586] {challenge_controller.py:90} ERROR - <Model: TeamChallenge> instance matching query does not exist:
SQL: SELECT `t1`.`id`, `t1`.`name`, `t1`.`goal`, `t1`.`total_steps`, `t1`.`progress`, `t1`.`status`, `t1`.`date`, `t1`.`team_id`, `t1`.`teamMembersGoal` FROM `teamchallenge` AS `t1` WHERE (((`t1`.`team_id` = %s) AND `t1`.`date`) = %s) LIMIT %s OFFSET %s
Params: [1, datetime.datetime(2022, 3, 7, 16, 8, 41, 585147), 1, 0]
[2022-03-07 16:08:41,589] {challenge_controller.py:101} ERROR - <Model: TeamChallenge> instance matching query does not exist:
SQL: SELECT `t1`.`id`, `t1`.`name`, `t1`.`goal`, `t1`.`total_steps`, `t1`.`progress`, `t1`.`status`, `t1`.`date`, `t1`.`team_id`, `t1`.`teamMembersGoal` FROM `teamchallenge` AS `t1` WHERE (((`t1`.`team_id` = %s) AND `t1`.`date`) = %s) LIMIT %s OFFSET %s
Params: [1, datetime.datetime(2022, 3, 7, 16, 8, 41, 588371), 1, 0]
[2022-03-07 16:08:41,597] {challenge_controller.py:16} INFO - post save hook for <class 'peewee.ModelBase'> created=True user 2 team:1
[2022-03-07 16:08:42,093] {challenge_controller.py:32} INFO - post save hook send mesage to {'user_id': 2, 'user_name': 'jan'}
[2022-03-07 16:08:42,119] {challenge_controller.py:90} ERROR - <Model: TeamChallenge> instance matching query does not exist:
SQL: SELECT `t1`.`id`, `t1`.`name`, `t1`.`goal`, `t1`.`total_steps`, `t1`.`progress`, `t1`.`status`, `t1`.`date`, `t1`.`team_id`, `t1`.`teamMembersGoal` FROM `teamchallenge` AS `t1` WHERE (((`t1`.`team_id` = %s) AND `t1`.`date`) = %s) LIMIT %s OFFSET %s
Params: [1, datetime.datetime(2022, 3, 7, 16, 8, 42, 117703), 1, 0]
[2022-03-07 16:08:42,125] {challenge_controller.py:90} ERROR - <Model: TeamChallenge> instance matching query does not exist:
SQL: SELECT `t1`.`id`, `t1`.`name`, `t1`.`goal`, `t1`.`total_steps`, `t1`.`progress`, `t1`.`status`, `t1`.`date`, `t1`.`team_id`, `t1`.`teamMembersGoal` FROM `teamchallenge` AS `t1` WHERE (((`t1`.`team_id` = %s) AND `t1`.`date`) = %s) LIMIT %s OFFSET %s
Params: [1, datetime.datetime(2022, 3, 7, 16, 8, 42, 124002), 1, 0]
[2022-03-07 16:08:42,133] {challenge_controller.py:101} ERROR - <Model: TeamChallenge> instance matching query does not exist:
SQL: SELECT `t1`.`id`, `t1`.`name`, `t1`.`goal`, `t1`.`total_steps`, `t1`.`progress`, `t1`.`status`, `t1`.`date`, `t1`.`team_id`, `t1`.`teamMembersGoal` FROM `teamchallenge` AS `t1` WHERE (((`t1`.`team_id` = %s) AND `t1`.`date`) = %s) LIMIT %s OFFSET %s
Params: [1, datetime.datetime(2022, 3, 7, 16, 8, 42, 132429), 1, 0]
[2022-03-07 16:08:42,141] {challenge_controller.py:16} INFO - post save hook for <class 'peewee.ModelBase'> created=True user 3 team:1
[2022-03-07 16:08:42,607] {challenge_controller.py:32} INFO - post save hook send mesage to {'user_id': 2, 'user_name': 'jan'}
[2022-03-07 16:08:43,097] {challenge_controller.py:32} INFO - post save hook send mesage to {'user_id': 3, 'user_name': 'eva'}
[2022-03-07 16:08:43,121] {challenge_controller.py:90} ERROR - <Model: TeamChallenge> instance matching query does not exist:
SQL: SELECT `t1`.`id`, `t1`.`name`, `t1`.`goal`, `t1`.`total_steps`, `t1`.`progress`, `t1`.`status`, `t1`.`date`, `t1`.`team_id`, `t1`.`teamMembersGoal` FROM `teamchallenge` AS `t1` WHERE (((`t1`.`team_id` = %s) AND `t1`.`date`) = %s) LIMIT %s OFFSET %s
Params: [1, datetime.datetime(2022, 3, 7, 16, 8, 43, 120405), 1, 0]
[2022-03-07 16:08:43,128] {challenge_controller.py:90} ERROR - <Model: TeamChallenge> instance matching query does not exist:
SQL: SELECT `t1`.`id`, `t1`.`name`, `t1`.`goal`, `t1`.`total_steps`, `t1`.`progress`, `t1`.`status`, `t1`.`date`, `t1`.`team_id`, `t1`.`teamMembersGoal` FROM `teamchallenge` AS `t1` WHERE (((`t1`.`team_id` = %s) AND `t1`.`date`) = %s) LIMIT %s OFFSET %s
Params: [1, datetime.datetime(2022, 3, 7, 16, 8, 43, 126928), 1, 0]
[2022-03-07 16:08:43,135] {challenge_controller.py:90} ERROR - <Model: TeamChallenge> instance matching query does not exist:
SQL: SELECT `t1`.`id`, `t1`.`name`, `t1`.`goal`, `t1`.`total_steps`, `t1`.`progress`, `t1`.`status`, `t1`.`date`, `t1`.`team_id`, `t1`.`teamMembersGoal` FROM `teamchallenge` AS `t1` WHERE (((`t1`.`team_id` = %s) AND `t1`.`date`) = %s) LIMIT %s OFFSET %s
Params: [1, datetime.datetime(2022, 3, 7, 16, 8, 43, 133755), 1, 0]
[2022-03-07 16:08:43,139] {challenge_controller.py:101} ERROR - <Model: TeamChallenge> instance matching query does not exist:
SQL: SELECT `t1`.`id`, `t1`.`name`, `t1`.`goal`, `t1`.`total_steps`, `t1`.`progress`, `t1`.`status`, `t1`.`date`, `t1`.`team_id`, `t1`.`teamMembersGoal` FROM `teamchallenge` AS `t1` WHERE (((`t1`.`team_id` = %s) AND `t1`.`date`) = %s) LIMIT %s OFFSET %s
Params: [1, datetime.datetime(2022, 3, 7, 16, 8, 43, 138150), 1, 0]
[2022-03-07 16:08:43,146] {challenge_controller.py:16} INFO - post save hook for <class 'peewee.ModelBase'> created=True user 4 team:1
[2022-03-07 16:08:43,615] {challenge_controller.py:32} INFO - post save hook send mesage to {'user_id': 2, 'user_name': 'jan'}
[2022-03-07 16:08:44,132] {challenge_controller.py:32} INFO - post save hook send mesage to {'user_id': 3, 'user_name': 'eva'}
[2022-03-07 16:08:44,601] {challenge_controller.py:32} INFO - post save hook send mesage to {'user_id': 4, 'user_name': 'daniela'}
[2022-03-07 16:08:44,620] {challenge_controller.py:90} ERROR - <Model: TeamChallenge> instance matching query does not exist:
SQL: SELECT `t1`.`id`, `t1`.`name`, `t1`.`goal`, `t1`.`total_steps`, `t1`.`progress`, `t1`.`status`, `t1`.`date`, `t1`.`team_id`, `t1`.`teamMembersGoal` FROM `teamchallenge` AS `t1` WHERE (((`t1`.`team_id` = %s) AND `t1`.`date`) = %s) LIMIT %s OFFSET %s
Params: [1, datetime.datetime(2022, 3, 7, 16, 8, 44, 619209), 1, 0]
[2022-03-07 16:08:44,625] {challenge_controller.py:90} ERROR - <Model: TeamChallenge> instance matching query does not exist:
SQL: SELECT `t1`.`id`, `t1`.`name`, `t1`.`goal`, `t1`.`total_steps`, `t1`.`progress`, `t1`.`status`, `t1`.`date`, `t1`.`team_id`, `t1`.`teamMembersGoal` FROM `teamchallenge` AS `t1` WHERE (((`t1`.`team_id` = %s) AND `t1`.`date`) = %s) LIMIT %s OFFSET %s
Params: [1, datetime.datetime(2022, 3, 7, 16, 8, 44, 623261), 1, 0]
[2022-03-07 16:08:44,633] {challenge_controller.py:90} ERROR - <Model: TeamChallenge> instance matching query does not exist:
SQL: SELECT `t1`.`id`, `t1`.`name`, `t1`.`goal`, `t1`.`total_steps`, `t1`.`progress`, `t1`.`status`, `t1`.`date`, `t1`.`team_id`, `t1`.`teamMembersGoal` FROM `teamchallenge` AS `t1` WHERE (((`t1`.`team_id` = %s) AND `t1`.`date`) = %s) LIMIT %s OFFSET %s
Params: [1, datetime.datetime(2022, 3, 7, 16, 8, 44, 632005), 1, 0]
[2022-03-07 16:08:44,637] {challenge_controller.py:90} ERROR - <Model: TeamChallenge> instance matching query does not exist:
SQL: SELECT `t1`.`id`, `t1`.`name`, `t1`.`goal`, `t1`.`total_steps`, `t1`.`progress`, `t1`.`status`, `t1`.`date`, `t1`.`team_id`, `t1`.`teamMembersGoal` FROM `teamchallenge` AS `t1` WHERE (((`t1`.`team_id` = %s) AND `t1`.`date`) = %s) LIMIT %s OFFSET %s
Params: [1, datetime.datetime(2022, 3, 7, 16, 8, 44, 636695), 1, 0]
[2022-03-07 16:08:44,643] {challenge_controller.py:101} ERROR - <Model: TeamChallenge> instance matching query does not exist:
SQL: SELECT `t1`.`id`, `t1`.`name`, `t1`.`goal`, `t1`.`total_steps`, `t1`.`progress`, `t1`.`status`, `t1`.`date`, `t1`.`team_id`, `t1`.`teamMembersGoal` FROM `teamchallenge` AS `t1` WHERE (((`t1`.`team_id` = %s) AND `t1`.`date`) = %s) LIMIT %s OFFSET %s
Params: [1, datetime.datetime(2022, 3, 7, 16, 8, 44, 640805), 1, 0]
[2022-03-07 16:08:44,653] {challenge_controller.py:16} INFO - post save hook for <class 'peewee.ModelBase'> created=True user 5 team:1
[2022-03-07 16:08:45,127] {challenge_controller.py:32} INFO - post save hook send mesage to {'user_id': 2, 'user_name': 'jan'}
[2022-03-07 16:08:45,626] {challenge_controller.py:32} INFO - post save hook send mesage to {'user_id': 3, 'user_name': 'eva'}
[2022-03-07 16:08:46,084] {challenge_controller.py:32} INFO - post save hook send mesage to {'user_id': 4, 'user_name': 'daniela'}
[2022-03-07 16:08:46,582] {challenge_controller.py:32} INFO - post save hook send mesage to {'user_id': 5, 'user_name': 'dimi'}
[2022-03-07 16:08:46,601] {challenge_controller.py:90} ERROR - <Model: TeamChallenge> instance matching query does not exist:
SQL: SELECT `t1`.`id`, `t1`.`name`, `t1`.`goal`, `t1`.`total_steps`, `t1`.`progress`, `t1`.`status`, `t1`.`date`, `t1`.`team_id`, `t1`.`teamMembersGoal` FROM `teamchallenge` AS `t1` WHERE (((`t1`.`team_id` = %s) AND `t1`.`date`) = %s) LIMIT %s OFFSET %s
Params: [1, datetime.datetime(2022, 3, 7, 16, 8, 46, 599945), 1, 0]
[2022-03-07 16:08:46,614] {challenge_controller.py:90} ERROR - <Model: TeamChallenge> instance matching query does not exist:
SQL: SELECT `t1`.`id`, `t1`.`name`, `t1`.`goal`, `t1`.`total_steps`, `t1`.`progress`, `t1`.`status`, `t1`.`date`, `t1`.`team_id`, `t1`.`teamMembersGoal` FROM `teamchallenge` AS `t1` WHERE (((`t1`.`team_id` = %s) AND `t1`.`date`) = %s) LIMIT %s OFFSET %s
Params: [1, datetime.datetime(2022, 3, 7, 16, 8, 46, 612957), 1, 0]
[2022-03-07 16:08:46,619] {challenge_controller.py:90} ERROR - <Model: TeamChallenge> instance matching query does not exist:
SQL: SELECT `t1`.`id`, `t1`.`name`, `t1`.`goal`, `t1`.`total_steps`, `t1`.`progress`, `t1`.`status`, `t1`.`date`, `t1`.`team_id`, `t1`.`teamMembersGoal` FROM `teamchallenge` AS `t1` WHERE (((`t1`.`team_id` = %s) AND `t1`.`date`) = %s) LIMIT %s OFFSET %s
Params: [1, datetime.datetime(2022, 3, 7, 16, 8, 46, 617764), 1, 0]
[2022-03-07 16:08:46,630] {challenge_controller.py:90} ERROR - <Model: TeamChallenge> instance matching query does not exist:
SQL: SELECT `t1`.`id`, `t1`.`name`, `t1`.`goal`, `t1`.`total_steps`, `t1`.`progress`, `t1`.`status`, `t1`.`date`, `t1`.`team_id`, `t1`.`teamMembersGoal` FROM `teamchallenge` AS `t1` WHERE (((`t1`.`team_id` = %s) AND `t1`.`date`) = %s) LIMIT %s OFFSET %s
Params: [1, datetime.datetime(2022, 3, 7, 16, 8, 46, 628952), 1, 0]
[2022-03-07 16:08:46,635] {challenge_controller.py:90} ERROR - <Model: TeamChallenge> instance matching query does not exist:
SQL: SELECT `t1`.`id`, `t1`.`name`, `t1`.`goal`, `t1`.`total_steps`, `t1`.`progress`, `t1`.`status`, `t1`.`date`, `t1`.`team_id`, `t1`.`teamMembersGoal` FROM `teamchallenge` AS `t1` WHERE (((`t1`.`team_id` = %s) AND `t1`.`date`) = %s) LIMIT %s OFFSET %s
Params: [1, datetime.datetime(2022, 3, 7, 16, 8, 46, 633514), 1, 0]
[2022-03-07 16:08:46,644] {challenge_controller.py:101} ERROR - <Model: TeamChallenge> instance matching query does not exist:
SQL: SELECT `t1`.`id`, `t1`.`name`, `t1`.`goal`, `t1`.`total_steps`, `t1`.`progress`, `t1`.`status`, `t1`.`date`, `t1`.`team_id`, `t1`.`teamMembersGoal` FROM `teamchallenge` AS `t1` WHERE (((`t1`.`team_id` = %s) AND `t1`.`date`) = %s) LIMIT %s OFFSET %s
Params: [1, datetime.datetime(2022, 3, 7, 16, 8, 46, 642612), 1, 0]
[2022-03-07 16:08:46,651] {challenge_controller.py:16} INFO - post save hook for <class 'peewee.ModelBase'> created=True user 6 team:1
[2022-03-07 16:08:47,190] {challenge_controller.py:32} INFO - post save hook send mesage to {'user_id': 2, 'user_name': 'jan'}
[2022-03-07 16:08:47,677] {challenge_controller.py:32} INFO - post save hook send mesage to {'user_id': 3, 'user_name': 'eva'}
[2022-03-07 16:08:48,134] {challenge_controller.py:32} INFO - post save hook send mesage to {'user_id': 4, 'user_name': 'daniela'}
[2022-03-07 16:08:48,624] {challenge_controller.py:32} INFO - post save hook send mesage to {'user_id': 5, 'user_name': 'dimi'}
[2022-03-07 16:08:49,091] {challenge_controller.py:32} INFO - post save hook send mesage to {'user_id': 6, 'user_name': 'testy'}
[2022-03-07 16:08:49,133] {_internal.py:225} WARNING -  * Running on all addresses.
   WARNING: This is a development server. Do not use it in a production deployment.
[2022-03-07 16:08:49,134] {_internal.py:225} INFO -  * Running on http://192.168.0.116:11883/ (Press CTRL+C to quit)
[2022-03-07 16:08:49,137] {_internal.py:225} INFO -  * Restarting with stat
[2022-03-07 16:08:50,734] {main.py:116} INFO - test logger
[2022-03-07 16:08:50,955] {challenge_controller.py:90} ERROR - <Model: TeamChallenge> instance matching query does not exist:
SQL: SELECT `t1`.`id`, `t1`.`name`, `t1`.`goal`, `t1`.`total_steps`, `t1`.`progress`, `t1`.`status`, `t1`.`date`, `t1`.`team_id`, `t1`.`teamMembersGoal` FROM `teamchallenge` AS `t1` WHERE (((`t1`.`team_id` = %s) AND `t1`.`date`) = %s) LIMIT %s OFFSET %s
Params: [1, datetime.datetime(2022, 3, 7, 16, 8, 50, 953657), 1, 0]
[2022-03-07 16:08:50,961] {challenge_controller.py:101} ERROR - <Model: TeamChallenge> instance matching query does not exist:
SQL: SELECT `t1`.`id`, `t1`.`name`, `t1`.`goal`, `t1`.`total_steps`, `t1`.`progress`, `t1`.`status`, `t1`.`date`, `t1`.`team_id`, `t1`.`teamMembersGoal` FROM `teamchallenge` AS `t1` WHERE (((`t1`.`team_id` = %s) AND `t1`.`date`) = %s) LIMIT %s OFFSET %s
Params: [1, datetime.datetime(2022, 3, 7, 16, 8, 50, 960220), 1, 0]
[2022-03-07 16:08:50,969] {challenge_controller.py:16} INFO - post save hook for <class 'peewee.ModelBase'> created=True user 2 team:1
[2022-03-07 16:08:51,476] {challenge_controller.py:32} INFO - post save hook send mesage to {'user_id': 2, 'user_name': 'jan'}
[2022-03-07 16:08:51,497] {challenge_controller.py:90} ERROR - <Model: TeamChallenge> instance matching query does not exist:
SQL: SELECT `t1`.`id`, `t1`.`name`, `t1`.`goal`, `t1`.`total_steps`, `t1`.`progress`, `t1`.`status`, `t1`.`date`, `t1`.`team_id`, `t1`.`teamMembersGoal` FROM `teamchallenge` AS `t1` WHERE (((`t1`.`team_id` = %s) AND `t1`.`date`) = %s) LIMIT %s OFFSET %s
Params: [1, datetime.datetime(2022, 3, 7, 16, 8, 51, 495987), 1, 0]
[2022-03-07 16:08:51,504] {challenge_controller.py:90} ERROR - <Model: TeamChallenge> instance matching query does not exist:
SQL: SELECT `t1`.`id`, `t1`.`name`, `t1`.`goal`, `t1`.`total_steps`, `t1`.`progress`, `t1`.`status`, `t1`.`date`, `t1`.`team_id`, `t1`.`teamMembersGoal` FROM `teamchallenge` AS `t1` WHERE (((`t1`.`team_id` = %s) AND `t1`.`date`) = %s) LIMIT %s OFFSET %s
Params: [1, datetime.datetime(2022, 3, 7, 16, 8, 51, 503336), 1, 0]
[2022-03-07 16:08:51,513] {challenge_controller.py:101} ERROR - <Model: TeamChallenge> instance matching query does not exist:
SQL: SELECT `t1`.`id`, `t1`.`name`, `t1`.`goal`, `t1`.`total_steps`, `t1`.`progress`, `t1`.`status`, `t1`.`date`, `t1`.`team_id`, `t1`.`teamMembersGoal` FROM `teamchallenge` AS `t1` WHERE (((`t1`.`team_id` = %s) AND `t1`.`date`) = %s) LIMIT %s OFFSET %s
Params: [1, datetime.datetime(2022, 3, 7, 16, 8, 51, 511612), 1, 0]
[2022-03-07 16:08:51,526] {challenge_controller.py:16} INFO - post save hook for <class 'peewee.ModelBase'> created=True user 3 team:1
[2022-03-07 16:08:51,997] {challenge_controller.py:32} INFO - post save hook send mesage to {'user_id': 2, 'user_name': 'jan'}
[2022-03-07 16:08:52,496] {challenge_controller.py:32} INFO - post save hook send mesage to {'user_id': 3, 'user_name': 'eva'}
[2022-03-07 16:08:52,522] {challenge_controller.py:90} ERROR - <Model: TeamChallenge> instance matching query does not exist:
SQL: SELECT `t1`.`id`, `t1`.`name`, `t1`.`goal`, `t1`.`total_steps`, `t1`.`progress`, `t1`.`status`, `t1`.`date`, `t1`.`team_id`, `t1`.`teamMembersGoal` FROM `teamchallenge` AS `t1` WHERE (((`t1`.`team_id` = %s) AND `t1`.`date`) = %s) LIMIT %s OFFSET %s
Params: [1, datetime.datetime(2022, 3, 7, 16, 8, 52, 519236), 1, 0]
[2022-03-07 16:08:52,535] {challenge_controller.py:90} ERROR - <Model: TeamChallenge> instance matching query does not exist:
SQL: SELECT `t1`.`id`, `t1`.`name`, `t1`.`goal`, `t1`.`total_steps`, `t1`.`progress`, `t1`.`status`, `t1`.`date`, `t1`.`team_id`, `t1`.`teamMembersGoal` FROM `teamchallenge` AS `t1` WHERE (((`t1`.`team_id` = %s) AND `t1`.`date`) = %s) LIMIT %s OFFSET %s
Params: [1, datetime.datetime(2022, 3, 7, 16, 8, 52, 531996), 1, 0]
[2022-03-07 16:08:52,548] {challenge_controller.py:90} ERROR - <Model: TeamChallenge> instance matching query does not exist:
SQL: SELECT `t1`.`id`, `t1`.`name`, `t1`.`goal`, `t1`.`total_steps`, `t1`.`progress`, `t1`.`status`, `t1`.`date`, `t1`.`team_id`, `t1`.`teamMembersGoal` FROM `teamchallenge` AS `t1` WHERE (((`t1`.`team_id` = %s) AND `t1`.`date`) = %s) LIMIT %s OFFSET %s
Params: [1, datetime.datetime(2022, 3, 7, 16, 8, 52, 545783), 1, 0]
[2022-03-07 16:08:52,560] {challenge_controller.py:101} ERROR - <Model: TeamChallenge> instance matching query does not exist:
SQL: SELECT `t1`.`id`, `t1`.`name`, `t1`.`goal`, `t1`.`total_steps`, `t1`.`progress`, `t1`.`status`, `t1`.`date`, `t1`.`team_id`, `t1`.`teamMembersGoal` FROM `teamchallenge` AS `t1` WHERE (((`t1`.`team_id` = %s) AND `t1`.`date`) = %s) LIMIT %s OFFSET %s
Params: [1, datetime.datetime(2022, 3, 7, 16, 8, 52, 556593), 1, 0]
[2022-03-07 16:08:52,578] {challenge_controller.py:16} INFO - post save hook for <class 'peewee.ModelBase'> created=True user 4 team:1
[2022-03-07 16:08:53,172] {challenge_controller.py:32} INFO - post save hook send mesage to {'user_id': 2, 'user_name': 'jan'}
[2022-03-07 16:08:54,379] {challenge_controller.py:32} INFO - post save hook send mesage to {'user_id': 3, 'user_name': 'eva'}
[2022-03-07 16:08:54,854] {challenge_controller.py:32} INFO - post save hook send mesage to {'user_id': 4, 'user_name': 'daniela'}
[2022-03-07 16:08:54,876] {challenge_controller.py:90} ERROR - <Model: TeamChallenge> instance matching query does not exist:
SQL: SELECT `t1`.`id`, `t1`.`name`, `t1`.`goal`, `t1`.`total_steps`, `t1`.`progress`, `t1`.`status`, `t1`.`date`, `t1`.`team_id`, `t1`.`teamMembersGoal` FROM `teamchallenge` AS `t1` WHERE (((`t1`.`team_id` = %s) AND `t1`.`date`) = %s) LIMIT %s OFFSET %s
Params: [1, datetime.datetime(2022, 3, 7, 16, 8, 54, 874903), 1, 0]
[2022-03-07 16:08:54,882] {challenge_controller.py:90} ERROR - <Model: TeamChallenge> instance matching query does not exist:
SQL: SELECT `t1`.`id`, `t1`.`name`, `t1`.`goal`, `t1`.`total_steps`, `t1`.`progress`, `t1`.`status`, `t1`.`date`, `t1`.`team_id`, `t1`.`teamMembersGoal` FROM `teamchallenge` AS `t1` WHERE (((`t1`.`team_id` = %s) AND `t1`.`date`) = %s) LIMIT %s OFFSET %s
Params: [1, datetime.datetime(2022, 3, 7, 16, 8, 54, 880782), 1, 0]
[2022-03-07 16:08:54,895] {challenge_controller.py:90} ERROR - <Model: TeamChallenge> instance matching query does not exist:
SQL: SELECT `t1`.`id`, `t1`.`name`, `t1`.`goal`, `t1`.`total_steps`, `t1`.`progress`, `t1`.`status`, `t1`.`date`, `t1`.`team_id`, `t1`.`teamMembersGoal` FROM `teamchallenge` AS `t1` WHERE (((`t1`.`team_id` = %s) AND `t1`.`date`) = %s) LIMIT %s OFFSET %s
Params: [1, datetime.datetime(2022, 3, 7, 16, 8, 54, 893771), 1, 0]
[2022-03-07 16:08:54,900] {challenge_controller.py:90} ERROR - <Model: TeamChallenge> instance matching query does not exist:
SQL: SELECT `t1`.`id`, `t1`.`name`, `t1`.`goal`, `t1`.`total_steps`, `t1`.`progress`, `t1`.`status`, `t1`.`date`, `t1`.`team_id`, `t1`.`teamMembersGoal` FROM `teamchallenge` AS `t1` WHERE (((`t1`.`team_id` = %s) AND `t1`.`date`) = %s) LIMIT %s OFFSET %s
Params: [1, datetime.datetime(2022, 3, 7, 16, 8, 54, 898358), 1, 0]
[2022-03-07 16:08:54,906] {challenge_controller.py:101} ERROR - <Model: TeamChallenge> instance matching query does not exist:
SQL: SELECT `t1`.`id`, `t1`.`name`, `t1`.`goal`, `t1`.`total_steps`, `t1`.`progress`, `t1`.`status`, `t1`.`date`, `t1`.`team_id`, `t1`.`teamMembersGoal` FROM `teamchallenge` AS `t1` WHERE (((`t1`.`team_id` = %s) AND `t1`.`date`) = %s) LIMIT %s OFFSET %s
Params: [1, datetime.datetime(2022, 3, 7, 16, 8, 54, 903222), 1, 0]
[2022-03-07 16:08:54,912] {challenge_controller.py:16} INFO - post save hook for <class 'peewee.ModelBase'> created=True user 5 team:1
[2022-03-07 16:08:55,386] {challenge_controller.py:32} INFO - post save hook send mesage to {'user_id': 2, 'user_name': 'jan'}
[2022-03-07 16:08:56,098] {challenge_controller.py:32} INFO - post save hook send mesage to {'user_id': 3, 'user_name': 'eva'}
[2022-03-07 16:08:56,569] {challenge_controller.py:32} INFO - post save hook send mesage to {'user_id': 4, 'user_name': 'daniela'}
[2022-03-07 16:08:57,114] {challenge_controller.py:32} INFO - post save hook send mesage to {'user_id': 5, 'user_name': 'dimi'}
[2022-03-07 16:08:57,135] {challenge_controller.py:90} ERROR - <Model: TeamChallenge> instance matching query does not exist:
SQL: SELECT `t1`.`id`, `t1`.`name`, `t1`.`goal`, `t1`.`total_steps`, `t1`.`progress`, `t1`.`status`, `t1`.`date`, `t1`.`team_id`, `t1`.`teamMembersGoal` FROM `teamchallenge` AS `t1` WHERE (((`t1`.`team_id` = %s) AND `t1`.`date`) = %s) LIMIT %s OFFSET %s
Params: [1, datetime.datetime(2022, 3, 7, 16, 8, 57, 133471), 1, 0]
[2022-03-07 16:08:57,146] {challenge_controller.py:90} ERROR - <Model: TeamChallenge> instance matching query does not exist:
SQL: SELECT `t1`.`id`, `t1`.`name`, `t1`.`goal`, `t1`.`total_steps`, `t1`.`progress`, `t1`.`status`, `t1`.`date`, `t1`.`team_id`, `t1`.`teamMembersGoal` FROM `teamchallenge` AS `t1` WHERE (((`t1`.`team_id` = %s) AND `t1`.`date`) = %s) LIMIT %s OFFSET %s
Params: [1, datetime.datetime(2022, 3, 7, 16, 8, 57, 145286), 1, 0]
[2022-03-07 16:08:57,150] {challenge_controller.py:90} ERROR - <Model: TeamChallenge> instance matching query does not exist:
SQL: SELECT `t1`.`id`, `t1`.`name`, `t1`.`goal`, `t1`.`total_steps`, `t1`.`progress`, `t1`.`status`, `t1`.`date`, `t1`.`team_id`, `t1`.`teamMembersGoal` FROM `teamchallenge` AS `t1` WHERE (((`t1`.`team_id` = %s) AND `t1`.`date`) = %s) LIMIT %s OFFSET %s
Params: [1, datetime.datetime(2022, 3, 7, 16, 8, 57, 149653), 1, 0]
[2022-03-07 16:08:57,160] {challenge_controller.py:90} ERROR - <Model: TeamChallenge> instance matching query does not exist:
SQL: SELECT `t1`.`id`, `t1`.`name`, `t1`.`goal`, `t1`.`total_steps`, `t1`.`progress`, `t1`.`status`, `t1`.`date`, `t1`.`team_id`, `t1`.`teamMembersGoal` FROM `teamchallenge` AS `t1` WHERE (((`t1`.`team_id` = %s) AND `t1`.`date`) = %s) LIMIT %s OFFSET %s
Params: [1, datetime.datetime(2022, 3, 7, 16, 8, 57, 158960), 1, 0]
[2022-03-07 16:08:57,164] {challenge_controller.py:90} ERROR - <Model: TeamChallenge> instance matching query does not exist:
SQL: SELECT `t1`.`id`, `t1`.`name`, `t1`.`goal`, `t1`.`total_steps`, `t1`.`progress`, `t1`.`status`, `t1`.`date`, `t1`.`team_id`, `t1`.`teamMembersGoal` FROM `teamchallenge` AS `t1` WHERE (((`t1`.`team_id` = %s) AND `t1`.`date`) = %s) LIMIT %s OFFSET %s
Params: [1, datetime.datetime(2022, 3, 7, 16, 8, 57, 163533), 1, 0]
[2022-03-07 16:08:57,172] {challenge_controller.py:101} ERROR - <Model: TeamChallenge> instance matching query does not exist:
SQL: SELECT `t1`.`id`, `t1`.`name`, `t1`.`goal`, `t1`.`total_steps`, `t1`.`progress`, `t1`.`status`, `t1`.`date`, `t1`.`team_id`, `t1`.`teamMembersGoal` FROM `teamchallenge` AS `t1` WHERE (((`t1`.`team_id` = %s) AND `t1`.`date`) = %s) LIMIT %s OFFSET %s
Params: [1, datetime.datetime(2022, 3, 7, 16, 8, 57, 168069), 1, 0]
[2022-03-07 16:08:57,184] {challenge_controller.py:16} INFO - post save hook for <class 'peewee.ModelBase'> created=True user 6 team:1
[2022-03-07 16:08:57,660] {challenge_controller.py:32} INFO - post save hook send mesage to {'user_id': 2, 'user_name': 'jan'}
[2022-03-07 16:08:58,145] {challenge_controller.py:32} INFO - post save hook send mesage to {'user_id': 3, 'user_name': 'eva'}
[2022-03-07 16:08:58,616] {challenge_controller.py:32} INFO - post save hook send mesage to {'user_id': 4, 'user_name': 'daniela'}
[2022-03-07 16:08:59,123] {challenge_controller.py:32} INFO - post save hook send mesage to {'user_id': 5, 'user_name': 'dimi'}
[2022-03-07 16:08:59,601] {challenge_controller.py:32} INFO - post save hook send mesage to {'user_id': 6, 'user_name': 'testy'}
[2022-03-07 16:08:59,627] {_internal.py:225} WARNING -  * Debugger is active!
[2022-03-07 16:08:59,629] {_internal.py:225} INFO -  * Debugger PIN: 375-848-732
[2022-03-07 16:13:47,550] {main.py:116} INFO - test logger
[2022-03-07 16:13:47,740] {challenge_controller.py:90} ERROR - <Model: TeamChallenge> instance matching query does not exist:
SQL: SELECT `t1`.`id`, `t1`.`name`, `t1`.`goal`, `t1`.`total_steps`, `t1`.`progress`, `t1`.`status`, `t1`.`date`, `t1`.`team_id`, `t1`.`teamMembersGoal` FROM `teamchallenge` AS `t1` WHERE (((`t1`.`team_id` = %s) AND `t1`.`date`) = %s) LIMIT %s OFFSET %s
Params: [1, datetime.datetime(2022, 3, 7, 16, 13, 47, 739929), 1, 0]
[2022-03-07 16:13:47,744] {challenge_controller.py:101} ERROR - <Model: TeamChallenge> instance matching query does not exist:
SQL: SELECT `t1`.`id`, `t1`.`name`, `t1`.`goal`, `t1`.`total_steps`, `t1`.`progress`, `t1`.`status`, `t1`.`date`, `t1`.`team_id`, `t1`.`teamMembersGoal` FROM `teamchallenge` AS `t1` WHERE (((`t1`.`team_id` = %s) AND `t1`.`date`) = %s) LIMIT %s OFFSET %s
Params: [1, datetime.datetime(2022, 3, 7, 16, 13, 47, 743493), 1, 0]
[2022-03-07 16:13:47,751] {challenge_controller.py:16} INFO - post save hook for <class 'peewee.ModelBase'> created=True user 2 team:1
[2022-03-07 16:13:48,244] {challenge_controller.py:32} INFO - post save hook send mesage to {'user_id': 2, 'user_name': 'jan'}
[2022-03-07 16:13:48,293] {challenge_controller.py:90} ERROR - <Model: TeamChallenge> instance matching query does not exist:
SQL: SELECT `t1`.`id`, `t1`.`name`, `t1`.`goal`, `t1`.`total_steps`, `t1`.`progress`, `t1`.`status`, `t1`.`date`, `t1`.`team_id`, `t1`.`teamMembersGoal` FROM `teamchallenge` AS `t1` WHERE (((`t1`.`team_id` = %s) AND `t1`.`date`) = %s) LIMIT %s OFFSET %s
Params: [1, datetime.datetime(2022, 3, 7, 16, 13, 48, 291248), 1, 0]
[2022-03-07 16:13:48,301] {challenge_controller.py:90} ERROR - <Model: TeamChallenge> instance matching query does not exist:
SQL: SELECT `t1`.`id`, `t1`.`name`, `t1`.`goal`, `t1`.`total_steps`, `t1`.`progress`, `t1`.`status`, `t1`.`date`, `t1`.`team_id`, `t1`.`teamMembersGoal` FROM `teamchallenge` AS `t1` WHERE (((`t1`.`team_id` = %s) AND `t1`.`date`) = %s) LIMIT %s OFFSET %s
Params: [1, datetime.datetime(2022, 3, 7, 16, 13, 48, 299880), 1, 0]
[2022-03-07 16:13:48,305] {challenge_controller.py:101} ERROR - <Model: TeamChallenge> instance matching query does not exist:
SQL: SELECT `t1`.`id`, `t1`.`name`, `t1`.`goal`, `t1`.`total_steps`, `t1`.`progress`, `t1`.`status`, `t1`.`date`, `t1`.`team_id`, `t1`.`teamMembersGoal` FROM `teamchallenge` AS `t1` WHERE (((`t1`.`team_id` = %s) AND `t1`.`date`) = %s) LIMIT %s OFFSET %s
Params: [1, datetime.datetime(2022, 3, 7, 16, 13, 48, 304449), 1, 0]
[2022-03-07 16:13:48,317] {challenge_controller.py:16} INFO - post save hook for <class 'peewee.ModelBase'> created=True user 3 team:1
[2022-03-07 16:13:48,815] {challenge_controller.py:32} INFO - post save hook send mesage to {'user_id': 2, 'user_name': 'jan'}
[2022-03-07 16:13:49,346] {challenge_controller.py:32} INFO - post save hook send mesage to {'user_id': 3, 'user_name': 'eva'}
[2022-03-07 16:13:49,385] {challenge_controller.py:90} ERROR - <Model: TeamChallenge> instance matching query does not exist:
SQL: SELECT `t1`.`id`, `t1`.`name`, `t1`.`goal`, `t1`.`total_steps`, `t1`.`progress`, `t1`.`status`, `t1`.`date`, `t1`.`team_id`, `t1`.`teamMembersGoal` FROM `teamchallenge` AS `t1` WHERE (((`t1`.`team_id` = %s) AND `t1`.`date`) = %s) LIMIT %s OFFSET %s
Params: [1, datetime.datetime(2022, 3, 7, 16, 13, 49, 383095), 1, 0]
[2022-03-07 16:13:49,394] {challenge_controller.py:90} ERROR - <Model: TeamChallenge> instance matching query does not exist:
SQL: SELECT `t1`.`id`, `t1`.`name`, `t1`.`goal`, `t1`.`total_steps`, `t1`.`progress`, `t1`.`status`, `t1`.`date`, `t1`.`team_id`, `t1`.`teamMembersGoal` FROM `teamchallenge` AS `t1` WHERE (((`t1`.`team_id` = %s) AND `t1`.`date`) = %s) LIMIT %s OFFSET %s
Params: [1, datetime.datetime(2022, 3, 7, 16, 13, 49, 393223), 1, 0]
[2022-03-07 16:13:49,399] {challenge_controller.py:90} ERROR - <Model: TeamChallenge> instance matching query does not exist:
SQL: SELECT `t1`.`id`, `t1`.`name`, `t1`.`goal`, `t1`.`total_steps`, `t1`.`progress`, `t1`.`status`, `t1`.`date`, `t1`.`team_id`, `t1`.`teamMembersGoal` FROM `teamchallenge` AS `t1` WHERE (((`t1`.`team_id` = %s) AND `t1`.`date`) = %s) LIMIT %s OFFSET %s
Params: [1, datetime.datetime(2022, 3, 7, 16, 13, 49, 398117), 1, 0]
[2022-03-07 16:13:49,405] {challenge_controller.py:101} ERROR - <Model: TeamChallenge> instance matching query does not exist:
SQL: SELECT `t1`.`id`, `t1`.`name`, `t1`.`goal`, `t1`.`total_steps`, `t1`.`progress`, `t1`.`status`, `t1`.`date`, `t1`.`team_id`, `t1`.`teamMembersGoal` FROM `teamchallenge` AS `t1` WHERE (((`t1`.`team_id` = %s) AND `t1`.`date`) = %s) LIMIT %s OFFSET %s
Params: [1, datetime.datetime(2022, 3, 7, 16, 13, 49, 404681), 1, 0]
[2022-03-07 16:13:49,412] {challenge_controller.py:16} INFO - post save hook for <class 'peewee.ModelBase'> created=True user 4 team:1
[2022-03-07 16:13:49,895] {challenge_controller.py:32} INFO - post save hook send mesage to {'user_id': 2, 'user_name': 'jan'}
[2022-03-07 16:13:50,462] {challenge_controller.py:32} INFO - post save hook send mesage to {'user_id': 3, 'user_name': 'eva'}
[2022-03-07 16:13:50,955] {challenge_controller.py:32} INFO - post save hook send mesage to {'user_id': 4, 'user_name': 'daniela'}
[2022-03-07 16:13:51,003] {challenge_controller.py:90} ERROR - <Model: TeamChallenge> instance matching query does not exist:
SQL: SELECT `t1`.`id`, `t1`.`name`, `t1`.`goal`, `t1`.`total_steps`, `t1`.`progress`, `t1`.`status`, `t1`.`date`, `t1`.`team_id`, `t1`.`teamMembersGoal` FROM `teamchallenge` AS `t1` WHERE (((`t1`.`team_id` = %s) AND `t1`.`date`) = %s) LIMIT %s OFFSET %s
Params: [1, datetime.datetime(2022, 3, 7, 16, 13, 51, 2091), 1, 0]
[2022-03-07 16:13:51,008] {challenge_controller.py:90} ERROR - <Model: TeamChallenge> instance matching query does not exist:
SQL: SELECT `t1`.`id`, `t1`.`name`, `t1`.`goal`, `t1`.`total_steps`, `t1`.`progress`, `t1`.`status`, `t1`.`date`, `t1`.`team_id`, `t1`.`teamMembersGoal` FROM `teamchallenge` AS `t1` WHERE (((`t1`.`team_id` = %s) AND `t1`.`date`) = %s) LIMIT %s OFFSET %s
Params: [1, datetime.datetime(2022, 3, 7, 16, 13, 51, 7832), 1, 0]
[2022-03-07 16:13:51,019] {challenge_controller.py:90} ERROR - <Model: TeamChallenge> instance matching query does not exist:
SQL: SELECT `t1`.`id`, `t1`.`name`, `t1`.`goal`, `t1`.`total_steps`, `t1`.`progress`, `t1`.`status`, `t1`.`date`, `t1`.`team_id`, `t1`.`teamMembersGoal` FROM `teamchallenge` AS `t1` WHERE (((`t1`.`team_id` = %s) AND `t1`.`date`) = %s) LIMIT %s OFFSET %s
Params: [1, datetime.datetime(2022, 3, 7, 16, 13, 51, 17884), 1, 0]
[2022-03-07 16:13:51,023] {challenge_controller.py:90} ERROR - <Model: TeamChallenge> instance matching query does not exist:
SQL: SELECT `t1`.`id`, `t1`.`name`, `t1`.`goal`, `t1`.`total_steps`, `t1`.`progress`, `t1`.`status`, `t1`.`date`, `t1`.`team_id`, `t1`.`teamMembersGoal` FROM `teamchallenge` AS `t1` WHERE (((`t1`.`team_id` = %s) AND `t1`.`date`) = %s) LIMIT %s OFFSET %s
Params: [1, datetime.datetime(2022, 3, 7, 16, 13, 51, 22522), 1, 0]
[2022-03-07 16:13:51,030] {challenge_controller.py:101} ERROR - <Model: TeamChallenge> instance matching query does not exist:
SQL: SELECT `t1`.`id`, `t1`.`name`, `t1`.`goal`, `t1`.`total_steps`, `t1`.`progress`, `t1`.`status`, `t1`.`date`, `t1`.`team_id`, `t1`.`teamMembersGoal` FROM `teamchallenge` AS `t1` WHERE (((`t1`.`team_id` = %s) AND `t1`.`date`) = %s) LIMIT %s OFFSET %s
Params: [1, datetime.datetime(2022, 3, 7, 16, 13, 51, 29510), 1, 0]
[2022-03-07 16:13:51,037] {challenge_controller.py:16} INFO - post save hook for <class 'peewee.ModelBase'> created=True user 5 team:1
[2022-03-07 16:13:51,513] {challenge_controller.py:32} INFO - post save hook send mesage to {'user_id': 2, 'user_name': 'jan'}
[2022-03-07 16:13:52,059] {challenge_controller.py:32} INFO - post save hook send mesage to {'user_id': 3, 'user_name': 'eva'}
[2022-03-07 16:13:52,777] {challenge_controller.py:32} INFO - post save hook send mesage to {'user_id': 4, 'user_name': 'daniela'}
[2022-03-07 16:13:53,356] {challenge_controller.py:32} INFO - post save hook send mesage to {'user_id': 5, 'user_name': 'dimi'}
[2022-03-07 16:13:53,389] {challenge_controller.py:90} ERROR - <Model: TeamChallenge> instance matching query does not exist:
SQL: SELECT `t1`.`id`, `t1`.`name`, `t1`.`goal`, `t1`.`total_steps`, `t1`.`progress`, `t1`.`status`, `t1`.`date`, `t1`.`team_id`, `t1`.`teamMembersGoal` FROM `teamchallenge` AS `t1` WHERE (((`t1`.`team_id` = %s) AND `t1`.`date`) = %s) LIMIT %s OFFSET %s
Params: [1, datetime.datetime(2022, 3, 7, 16, 13, 53, 387566), 1, 0]
[2022-03-07 16:13:53,397] {challenge_controller.py:90} ERROR - <Model: TeamChallenge> instance matching query does not exist:
SQL: SELECT `t1`.`id`, `t1`.`name`, `t1`.`goal`, `t1`.`total_steps`, `t1`.`progress`, `t1`.`status`, `t1`.`date`, `t1`.`team_id`, `t1`.`teamMembersGoal` FROM `teamchallenge` AS `t1` WHERE (((`t1`.`team_id` = %s) AND `t1`.`date`) = %s) LIMIT %s OFFSET %s
Params: [1, datetime.datetime(2022, 3, 7, 16, 13, 53, 395778), 1, 0]
[2022-03-07 16:13:53,405] {challenge_controller.py:90} ERROR - <Model: TeamChallenge> instance matching query does not exist:
SQL: SELECT `t1`.`id`, `t1`.`name`, `t1`.`goal`, `t1`.`total_steps`, `t1`.`progress`, `t1`.`status`, `t1`.`date`, `t1`.`team_id`, `t1`.`teamMembersGoal` FROM `teamchallenge` AS `t1` WHERE (((`t1`.`team_id` = %s) AND `t1`.`date`) = %s) LIMIT %s OFFSET %s
Params: [1, datetime.datetime(2022, 3, 7, 16, 13, 53, 404265), 1, 0]
[2022-03-07 16:13:53,413] {challenge_controller.py:90} ERROR - <Model: TeamChallenge> instance matching query does not exist:
SQL: SELECT `t1`.`id`, `t1`.`name`, `t1`.`goal`, `t1`.`total_steps`, `t1`.`progress`, `t1`.`status`, `t1`.`date`, `t1`.`team_id`, `t1`.`teamMembersGoal` FROM `teamchallenge` AS `t1` WHERE (((`t1`.`team_id` = %s) AND `t1`.`date`) = %s) LIMIT %s OFFSET %s
Params: [1, datetime.datetime(2022, 3, 7, 16, 13, 53, 410495), 1, 0]
[2022-03-07 16:13:53,420] {challenge_controller.py:90} ERROR - <Model: TeamChallenge> instance matching query does not exist:
SQL: SELECT `t1`.`id`, `t1`.`name`, `t1`.`goal`, `t1`.`total_steps`, `t1`.`progress`, `t1`.`status`, `t1`.`date`, `t1`.`team_id`, `t1`.`teamMembersGoal` FROM `teamchallenge` AS `t1` WHERE (((`t1`.`team_id` = %s) AND `t1`.`date`) = %s) LIMIT %s OFFSET %s
Params: [1, datetime.datetime(2022, 3, 7, 16, 13, 53, 418933), 1, 0]
[2022-03-07 16:13:53,424] {challenge_controller.py:101} ERROR - <Model: TeamChallenge> instance matching query does not exist:
SQL: SELECT `t1`.`id`, `t1`.`name`, `t1`.`goal`, `t1`.`total_steps`, `t1`.`progress`, `t1`.`status`, `t1`.`date`, `t1`.`team_id`, `t1`.`teamMembersGoal` FROM `teamchallenge` AS `t1` WHERE (((`t1`.`team_id` = %s) AND `t1`.`date`) = %s) LIMIT %s OFFSET %s
Params: [1, datetime.datetime(2022, 3, 7, 16, 13, 53, 423478), 1, 0]
[2022-03-07 16:13:53,437] {challenge_controller.py:16} INFO - post save hook for <class 'peewee.ModelBase'> created=True user 6 team:1
[2022-03-07 16:13:53,918] {challenge_controller.py:32} INFO - post save hook send mesage to {'user_id': 2, 'user_name': 'jan'}
[2022-03-07 16:13:54,455] {challenge_controller.py:32} INFO - post save hook send mesage to {'user_id': 3, 'user_name': 'eva'}
[2022-03-07 16:13:54,962] {challenge_controller.py:32} INFO - post save hook send mesage to {'user_id': 4, 'user_name': 'daniela'}
[2022-03-07 16:13:55,563] {challenge_controller.py:32} INFO - post save hook send mesage to {'user_id': 5, 'user_name': 'dimi'}
[2022-03-07 16:13:56,078] {challenge_controller.py:32} INFO - post save hook send mesage to {'user_id': 6, 'user_name': 'testy'}
[2022-03-07 16:13:56,135] {_internal.py:225} WARNING -  * Running on all addresses.
   WARNING: This is a development server. Do not use it in a production deployment.
[2022-03-07 16:13:56,138] {_internal.py:225} INFO -  * Running on http://192.168.0.116:11883/ (Press CTRL+C to quit)
[2022-03-07 16:13:56,140] {_internal.py:225} INFO -  * Restarting with stat
[2022-03-07 16:13:57,146] {main.py:116} INFO - test logger
[2022-03-07 16:13:57,342] {challenge_controller.py:90} ERROR - <Model: TeamChallenge> instance matching query does not exist:
SQL: SELECT `t1`.`id`, `t1`.`name`, `t1`.`goal`, `t1`.`total_steps`, `t1`.`progress`, `t1`.`status`, `t1`.`date`, `t1`.`team_id`, `t1`.`teamMembersGoal` FROM `teamchallenge` AS `t1` WHERE (((`t1`.`team_id` = %s) AND `t1`.`date`) = %s) LIMIT %s OFFSET %s
Params: [1, datetime.datetime(2022, 3, 7, 16, 13, 57, 340202), 1, 0]
[2022-03-07 16:13:57,346] {challenge_controller.py:101} ERROR - <Model: TeamChallenge> instance matching query does not exist:
SQL: SELECT `t1`.`id`, `t1`.`name`, `t1`.`goal`, `t1`.`total_steps`, `t1`.`progress`, `t1`.`status`, `t1`.`date`, `t1`.`team_id`, `t1`.`teamMembersGoal` FROM `teamchallenge` AS `t1` WHERE (((`t1`.`team_id` = %s) AND `t1`.`date`) = %s) LIMIT %s OFFSET %s
Params: [1, datetime.datetime(2022, 3, 7, 16, 13, 57, 345427), 1, 0]
[2022-03-07 16:13:57,353] {challenge_controller.py:16} INFO - post save hook for <class 'peewee.ModelBase'> created=True user 2 team:1
[2022-03-07 16:13:58,184] {challenge_controller.py:32} INFO - post save hook send mesage to {'user_id': 2, 'user_name': 'jan'}
[2022-03-07 16:13:58,221] {challenge_controller.py:90} ERROR - <Model: TeamChallenge> instance matching query does not exist:
SQL: SELECT `t1`.`id`, `t1`.`name`, `t1`.`goal`, `t1`.`total_steps`, `t1`.`progress`, `t1`.`status`, `t1`.`date`, `t1`.`team_id`, `t1`.`teamMembersGoal` FROM `teamchallenge` AS `t1` WHERE (((`t1`.`team_id` = %s) AND `t1`.`date`) = %s) LIMIT %s OFFSET %s
Params: [1, datetime.datetime(2022, 3, 7, 16, 13, 58, 220031), 1, 0]
[2022-03-07 16:13:58,226] {challenge_controller.py:90} ERROR - <Model: TeamChallenge> instance matching query does not exist:
SQL: SELECT `t1`.`id`, `t1`.`name`, `t1`.`goal`, `t1`.`total_steps`, `t1`.`progress`, `t1`.`status`, `t1`.`date`, `t1`.`team_id`, `t1`.`teamMembersGoal` FROM `teamchallenge` AS `t1` WHERE (((`t1`.`team_id` = %s) AND `t1`.`date`) = %s) LIMIT %s OFFSET %s
Params: [1, datetime.datetime(2022, 3, 7, 16, 13, 58, 225063), 1, 0]
[2022-03-07 16:13:58,228] {challenge_controller.py:101} ERROR - <Model: TeamChallenge> instance matching query does not exist:
SQL: SELECT `t1`.`id`, `t1`.`name`, `t1`.`goal`, `t1`.`total_steps`, `t1`.`progress`, `t1`.`status`, `t1`.`date`, `t1`.`team_id`, `t1`.`teamMembersGoal` FROM `teamchallenge` AS `t1` WHERE (((`t1`.`team_id` = %s) AND `t1`.`date`) = %s) LIMIT %s OFFSET %s
Params: [1, datetime.datetime(2022, 3, 7, 16, 13, 58, 227978), 1, 0]
[2022-03-07 16:13:58,236] {challenge_controller.py:16} INFO - post save hook for <class 'peewee.ModelBase'> created=True user 3 team:1
[2022-03-07 16:13:59,409] {challenge_controller.py:32} INFO - post save hook send mesage to {'user_id': 2, 'user_name': 'jan'}
[2022-03-07 16:13:59,960] {challenge_controller.py:32} INFO - post save hook send mesage to {'user_id': 3, 'user_name': 'eva'}
[2022-03-07 16:13:59,982] {challenge_controller.py:90} ERROR - <Model: TeamChallenge> instance matching query does not exist:
SQL: SELECT `t1`.`id`, `t1`.`name`, `t1`.`goal`, `t1`.`total_steps`, `t1`.`progress`, `t1`.`status`, `t1`.`date`, `t1`.`team_id`, `t1`.`teamMembersGoal` FROM `teamchallenge` AS `t1` WHERE (((`t1`.`team_id` = %s) AND `t1`.`date`) = %s) LIMIT %s OFFSET %s
Params: [1, datetime.datetime(2022, 3, 7, 16, 13, 59, 980941), 1, 0]
[2022-03-07 16:13:59,993] {challenge_controller.py:90} ERROR - <Model: TeamChallenge> instance matching query does not exist:
SQL: SELECT `t1`.`id`, `t1`.`name`, `t1`.`goal`, `t1`.`total_steps`, `t1`.`progress`, `t1`.`status`, `t1`.`date`, `t1`.`team_id`, `t1`.`teamMembersGoal` FROM `teamchallenge` AS `t1` WHERE (((`t1`.`team_id` = %s) AND `t1`.`date`) = %s) LIMIT %s OFFSET %s
Params: [1, datetime.datetime(2022, 3, 7, 16, 13, 59, 990754), 1, 0]
[2022-03-07 16:13:59,997] {challenge_controller.py:90} ERROR - <Model: TeamChallenge> instance matching query does not exist:
SQL: SELECT `t1`.`id`, `t1`.`name`, `t1`.`goal`, `t1`.`total_steps`, `t1`.`progress`, `t1`.`status`, `t1`.`date`, `t1`.`team_id`, `t1`.`teamMembersGoal` FROM `teamchallenge` AS `t1` WHERE (((`t1`.`team_id` = %s) AND `t1`.`date`) = %s) LIMIT %s OFFSET %s
Params: [1, datetime.datetime(2022, 3, 7, 16, 13, 59, 996071), 1, 0]
[2022-03-07 16:14:00,003] {challenge_controller.py:101} ERROR - <Model: TeamChallenge> instance matching query does not exist:
SQL: SELECT `t1`.`id`, `t1`.`name`, `t1`.`goal`, `t1`.`total_steps`, `t1`.`progress`, `t1`.`status`, `t1`.`date`, `t1`.`team_id`, `t1`.`teamMembersGoal` FROM `teamchallenge` AS `t1` WHERE (((`t1`.`team_id` = %s) AND `t1`.`date`) = %s) LIMIT %s OFFSET %s
Params: [1, datetime.datetime(2022, 3, 7, 16, 14, 0, 2339), 1, 0]
[2022-03-07 16:14:00,011] {challenge_controller.py:16} INFO - post save hook for <class 'peewee.ModelBase'> created=True user 4 team:1
[2022-03-07 16:14:00,510] {challenge_controller.py:32} INFO - post save hook send mesage to {'user_id': 2, 'user_name': 'jan'}
[2022-03-07 16:14:01,012] {challenge_controller.py:32} INFO - post save hook send mesage to {'user_id': 3, 'user_name': 'eva'}
[2022-03-07 16:14:01,586] {challenge_controller.py:32} INFO - post save hook send mesage to {'user_id': 4, 'user_name': 'daniela'}
[2022-03-07 16:14:01,641] {challenge_controller.py:90} ERROR - <Model: TeamChallenge> instance matching query does not exist:
SQL: SELECT `t1`.`id`, `t1`.`name`, `t1`.`goal`, `t1`.`total_steps`, `t1`.`progress`, `t1`.`status`, `t1`.`date`, `t1`.`team_id`, `t1`.`teamMembersGoal` FROM `teamchallenge` AS `t1` WHERE (((`t1`.`team_id` = %s) AND `t1`.`date`) = %s) LIMIT %s OFFSET %s
Params: [1, datetime.datetime(2022, 3, 7, 16, 14, 1, 638570), 1, 0]
[2022-03-07 16:14:01,646] {challenge_controller.py:90} ERROR - <Model: TeamChallenge> instance matching query does not exist:
SQL: SELECT `t1`.`id`, `t1`.`name`, `t1`.`goal`, `t1`.`total_steps`, `t1`.`progress`, `t1`.`status`, `t1`.`date`, `t1`.`team_id`, `t1`.`teamMembersGoal` FROM `teamchallenge` AS `t1` WHERE (((`t1`.`team_id` = %s) AND `t1`.`date`) = %s) LIMIT %s OFFSET %s
Params: [1, datetime.datetime(2022, 3, 7, 16, 14, 1, 644090), 1, 0]
[2022-03-07 16:14:01,650] {challenge_controller.py:90} ERROR - <Model: TeamChallenge> instance matching query does not exist:
SQL: SELECT `t1`.`id`, `t1`.`name`, `t1`.`goal`, `t1`.`total_steps`, `t1`.`progress`, `t1`.`status`, `t1`.`date`, `t1`.`team_id`, `t1`.`teamMembersGoal` FROM `teamchallenge` AS `t1` WHERE (((`t1`.`team_id` = %s) AND `t1`.`date`) = %s) LIMIT %s OFFSET %s
Params: [1, datetime.datetime(2022, 3, 7, 16, 14, 1, 648556), 1, 0]
[2022-03-07 16:14:01,660] {challenge_controller.py:90} ERROR - <Model: TeamChallenge> instance matching query does not exist:
SQL: SELECT `t1`.`id`, `t1`.`name`, `t1`.`goal`, `t1`.`total_steps`, `t1`.`progress`, `t1`.`status`, `t1`.`date`, `t1`.`team_id`, `t1`.`teamMembersGoal` FROM `teamchallenge` AS `t1` WHERE (((`t1`.`team_id` = %s) AND `t1`.`date`) = %s) LIMIT %s OFFSET %s
Params: [1, datetime.datetime(2022, 3, 7, 16, 14, 1, 659690), 1, 0]
[2022-03-07 16:14:01,664] {challenge_controller.py:101} ERROR - <Model: TeamChallenge> instance matching query does not exist:
SQL: SELECT `t1`.`id`, `t1`.`name`, `t1`.`goal`, `t1`.`total_steps`, `t1`.`progress`, `t1`.`status`, `t1`.`date`, `t1`.`team_id`, `t1`.`teamMembersGoal` FROM `teamchallenge` AS `t1` WHERE (((`t1`.`team_id` = %s) AND `t1`.`date`) = %s) LIMIT %s OFFSET %s
Params: [1, datetime.datetime(2022, 3, 7, 16, 14, 1, 663716), 1, 0]
[2022-03-07 16:14:01,672] {challenge_controller.py:16} INFO - post save hook for <class 'peewee.ModelBase'> created=True user 5 team:1
[2022-03-07 16:14:02,197] {challenge_controller.py:32} INFO - post save hook send mesage to {'user_id': 2, 'user_name': 'jan'}
[2022-03-07 16:14:02,720] {challenge_controller.py:32} INFO - post save hook send mesage to {'user_id': 3, 'user_name': 'eva'}
[2022-03-07 16:14:03,226] {challenge_controller.py:32} INFO - post save hook send mesage to {'user_id': 4, 'user_name': 'daniela'}
[2022-03-07 16:14:03,762] {challenge_controller.py:32} INFO - post save hook send mesage to {'user_id': 5, 'user_name': 'dimi'}
[2022-03-07 16:14:03,784] {challenge_controller.py:90} ERROR - <Model: TeamChallenge> instance matching query does not exist:
SQL: SELECT `t1`.`id`, `t1`.`name`, `t1`.`goal`, `t1`.`total_steps`, `t1`.`progress`, `t1`.`status`, `t1`.`date`, `t1`.`team_id`, `t1`.`teamMembersGoal` FROM `teamchallenge` AS `t1` WHERE (((`t1`.`team_id` = %s) AND `t1`.`date`) = %s) LIMIT %s OFFSET %s
Params: [1, datetime.datetime(2022, 3, 7, 16, 14, 3, 783085), 1, 0]
[2022-03-07 16:14:03,788] {challenge_controller.py:90} ERROR - <Model: TeamChallenge> instance matching query does not exist:
SQL: SELECT `t1`.`id`, `t1`.`name`, `t1`.`goal`, `t1`.`total_steps`, `t1`.`progress`, `t1`.`status`, `t1`.`date`, `t1`.`team_id`, `t1`.`teamMembersGoal` FROM `teamchallenge` AS `t1` WHERE (((`t1`.`team_id` = %s) AND `t1`.`date`) = %s) LIMIT %s OFFSET %s
Params: [1, datetime.datetime(2022, 3, 7, 16, 14, 3, 786197), 1, 0]
[2022-03-07 16:14:03,792] {challenge_controller.py:90} ERROR - <Model: TeamChallenge> instance matching query does not exist:
SQL: SELECT `t1`.`id`, `t1`.`name`, `t1`.`goal`, `t1`.`total_steps`, `t1`.`progress`, `t1`.`status`, `t1`.`date`, `t1`.`team_id`, `t1`.`teamMembersGoal` FROM `teamchallenge` AS `t1` WHERE (((`t1`.`team_id` = %s) AND `t1`.`date`) = %s) LIMIT %s OFFSET %s
Params: [1, datetime.datetime(2022, 3, 7, 16, 14, 3, 790471), 1, 0]
[2022-03-07 16:14:03,802] {challenge_controller.py:90} ERROR - <Model: TeamChallenge> instance matching query does not exist:
SQL: SELECT `t1`.`id`, `t1`.`name`, `t1`.`goal`, `t1`.`total_steps`, `t1`.`progress`, `t1`.`status`, `t1`.`date`, `t1`.`team_id`, `t1`.`teamMembersGoal` FROM `teamchallenge` AS `t1` WHERE (((`t1`.`team_id` = %s) AND `t1`.`date`) = %s) LIMIT %s OFFSET %s
Params: [1, datetime.datetime(2022, 3, 7, 16, 14, 3, 800891), 1, 0]
[2022-03-07 16:14:03,806] {challenge_controller.py:90} ERROR - <Model: TeamChallenge> instance matching query does not exist:
SQL: SELECT `t1`.`id`, `t1`.`name`, `t1`.`goal`, `t1`.`total_steps`, `t1`.`progress`, `t1`.`status`, `t1`.`date`, `t1`.`team_id`, `t1`.`teamMembersGoal` FROM `teamchallenge` AS `t1` WHERE (((`t1`.`team_id` = %s) AND `t1`.`date`) = %s) LIMIT %s OFFSET %s
Params: [1, datetime.datetime(2022, 3, 7, 16, 14, 3, 805422), 1, 0]
[2022-03-07 16:14:03,813] {challenge_controller.py:101} ERROR - <Model: TeamChallenge> instance matching query does not exist:
SQL: SELECT `t1`.`id`, `t1`.`name`, `t1`.`goal`, `t1`.`total_steps`, `t1`.`progress`, `t1`.`status`, `t1`.`date`, `t1`.`team_id`, `t1`.`teamMembersGoal` FROM `teamchallenge` AS `t1` WHERE (((`t1`.`team_id` = %s) AND `t1`.`date`) = %s) LIMIT %s OFFSET %s
Params: [1, datetime.datetime(2022, 3, 7, 16, 14, 3, 812638), 1, 0]
[2022-03-07 16:14:03,819] {challenge_controller.py:16} INFO - post save hook for <class 'peewee.ModelBase'> created=True user 6 team:1
[2022-03-07 16:14:04,313] {challenge_controller.py:32} INFO - post save hook send mesage to {'user_id': 2, 'user_name': 'jan'}
[2022-03-07 16:14:04,831] {challenge_controller.py:32} INFO - post save hook send mesage to {'user_id': 3, 'user_name': 'eva'}
[2022-03-07 16:14:05,317] {challenge_controller.py:32} INFO - post save hook send mesage to {'user_id': 4, 'user_name': 'daniela'}
[2022-03-07 16:14:06,157] {challenge_controller.py:32} INFO - post save hook send mesage to {'user_id': 5, 'user_name': 'dimi'}
[2022-03-07 16:14:06,667] {challenge_controller.py:32} INFO - post save hook send mesage to {'user_id': 6, 'user_name': 'testy'}
[2022-03-07 16:14:06,721] {_internal.py:225} WARNING -  * Debugger is active!
[2022-03-07 16:14:06,723] {_internal.py:225} INFO -  * Debugger PIN: 375-848-732
[2022-03-07 16:16:00,005] {base.py:123} INFO - Running job "schedule_notifications (trigger: cron[hour='16', minute='16'], next run at: 2022-03-07 16:16:00 CET)" (scheduled at 2022-03-07 16:16:00+01:00)
[2022-03-07 16:16:00,005] {base.py:123} INFO - Running job "schedule_notifications (trigger: cron[hour='16', minute='16'], next run at: 2022-03-07 16:16:00 CET)" (scheduled at 2022-03-07 16:16:00+01:00)
[2022-03-07 16:16:02,639] {base.py:144} INFO - Job "schedule_notifications (trigger: cron[hour='16', minute='16'], next run at: 2022-03-08 16:16:00 CET)" executed successfully
[2022-03-07 16:16:02,665] {base.py:144} INFO - Job "schedule_notifications (trigger: cron[hour='16', minute='16'], next run at: 2022-03-08 16:16:00 CET)" executed successfully
[2022-03-07 16:18:08,303] {main.py:116} INFO - test logger
[2022-03-07 16:18:08,491] {challenge_controller.py:90} ERROR - <Model: TeamChallenge> instance matching query does not exist:
SQL: SELECT `t1`.`id`, `t1`.`name`, `t1`.`goal`, `t1`.`total_steps`, `t1`.`progress`, `t1`.`status`, `t1`.`date`, `t1`.`team_id`, `t1`.`teamMembersGoal` FROM `teamchallenge` AS `t1` WHERE (((`t1`.`team_id` = %s) AND `t1`.`date`) = %s) LIMIT %s OFFSET %s
Params: [1, datetime.datetime(2022, 3, 7, 16, 18, 8, 490569), 1, 0]
[2022-03-07 16:18:08,495] {challenge_controller.py:101} ERROR - <Model: TeamChallenge> instance matching query does not exist:
SQL: SELECT `t1`.`id`, `t1`.`name`, `t1`.`goal`, `t1`.`total_steps`, `t1`.`progress`, `t1`.`status`, `t1`.`date`, `t1`.`team_id`, `t1`.`teamMembersGoal` FROM `teamchallenge` AS `t1` WHERE (((`t1`.`team_id` = %s) AND `t1`.`date`) = %s) LIMIT %s OFFSET %s
Params: [1, datetime.datetime(2022, 3, 7, 16, 18, 8, 494150), 1, 0]
[2022-03-07 16:18:08,501] {challenge_controller.py:16} INFO - post save hook for <class 'peewee.ModelBase'> created=True user 2 team:1
[2022-03-07 16:18:08,999] {challenge_controller.py:32} INFO - post save hook send mesage to {'user_id': 2, 'user_name': 'jan'}
[2022-03-07 16:18:09,028] {challenge_controller.py:90} ERROR - <Model: TeamChallenge> instance matching query does not exist:
SQL: SELECT `t1`.`id`, `t1`.`name`, `t1`.`goal`, `t1`.`total_steps`, `t1`.`progress`, `t1`.`status`, `t1`.`date`, `t1`.`team_id`, `t1`.`teamMembersGoal` FROM `teamchallenge` AS `t1` WHERE (((`t1`.`team_id` = %s) AND `t1`.`date`) = %s) LIMIT %s OFFSET %s
Params: [1, datetime.datetime(2022, 3, 7, 16, 18, 9, 26315), 1, 0]
[2022-03-07 16:18:09,033] {challenge_controller.py:90} ERROR - <Model: TeamChallenge> instance matching query does not exist:
SQL: SELECT `t1`.`id`, `t1`.`name`, `t1`.`goal`, `t1`.`total_steps`, `t1`.`progress`, `t1`.`status`, `t1`.`date`, `t1`.`team_id`, `t1`.`teamMembersGoal` FROM `teamchallenge` AS `t1` WHERE (((`t1`.`team_id` = %s) AND `t1`.`date`) = %s) LIMIT %s OFFSET %s
Params: [1, datetime.datetime(2022, 3, 7, 16, 18, 9, 31990), 1, 0]
[2022-03-07 16:18:09,037] {challenge_controller.py:101} ERROR - <Model: TeamChallenge> instance matching query does not exist:
SQL: SELECT `t1`.`id`, `t1`.`name`, `t1`.`goal`, `t1`.`total_steps`, `t1`.`progress`, `t1`.`status`, `t1`.`date`, `t1`.`team_id`, `t1`.`teamMembersGoal` FROM `teamchallenge` AS `t1` WHERE (((`t1`.`team_id` = %s) AND `t1`.`date`) = %s) LIMIT %s OFFSET %s
Params: [1, datetime.datetime(2022, 3, 7, 16, 18, 9, 35984), 1, 0]
[2022-03-07 16:18:09,044] {challenge_controller.py:16} INFO - post save hook for <class 'peewee.ModelBase'> created=True user 3 team:1
[2022-03-07 16:18:09,541] {challenge_controller.py:32} INFO - post save hook send mesage to {'user_id': 2, 'user_name': 'jan'}
[2022-03-07 16:18:10,129] {challenge_controller.py:32} INFO - post save hook send mesage to {'user_id': 3, 'user_name': 'eva'}
[2022-03-07 16:18:10,170] {challenge_controller.py:90} ERROR - <Model: TeamChallenge> instance matching query does not exist:
SQL: SELECT `t1`.`id`, `t1`.`name`, `t1`.`goal`, `t1`.`total_steps`, `t1`.`progress`, `t1`.`status`, `t1`.`date`, `t1`.`team_id`, `t1`.`teamMembersGoal` FROM `teamchallenge` AS `t1` WHERE (((`t1`.`team_id` = %s) AND `t1`.`date`) = %s) LIMIT %s OFFSET %s
Params: [1, datetime.datetime(2022, 3, 7, 16, 18, 10, 168057), 1, 0]
[2022-03-07 16:18:10,181] {challenge_controller.py:90} ERROR - <Model: TeamChallenge> instance matching query does not exist:
SQL: SELECT `t1`.`id`, `t1`.`name`, `t1`.`goal`, `t1`.`total_steps`, `t1`.`progress`, `t1`.`status`, `t1`.`date`, `t1`.`team_id`, `t1`.`teamMembersGoal` FROM `teamchallenge` AS `t1` WHERE (((`t1`.`team_id` = %s) AND `t1`.`date`) = %s) LIMIT %s OFFSET %s
Params: [1, datetime.datetime(2022, 3, 7, 16, 18, 10, 180477), 1, 0]
[2022-03-07 16:18:10,186] {challenge_controller.py:90} ERROR - <Model: TeamChallenge> instance matching query does not exist:
SQL: SELECT `t1`.`id`, `t1`.`name`, `t1`.`goal`, `t1`.`total_steps`, `t1`.`progress`, `t1`.`status`, `t1`.`date`, `t1`.`team_id`, `t1`.`teamMembersGoal` FROM `teamchallenge` AS `t1` WHERE (((`t1`.`team_id` = %s) AND `t1`.`date`) = %s) LIMIT %s OFFSET %s
Params: [1, datetime.datetime(2022, 3, 7, 16, 18, 10, 185097), 1, 0]
[2022-03-07 16:18:10,191] {challenge_controller.py:101} ERROR - <Model: TeamChallenge> instance matching query does not exist:
SQL: SELECT `t1`.`id`, `t1`.`name`, `t1`.`goal`, `t1`.`total_steps`, `t1`.`progress`, `t1`.`status`, `t1`.`date`, `t1`.`team_id`, `t1`.`teamMembersGoal` FROM `teamchallenge` AS `t1` WHERE (((`t1`.`team_id` = %s) AND `t1`.`date`) = %s) LIMIT %s OFFSET %s
Params: [1, datetime.datetime(2022, 3, 7, 16, 18, 10, 189723), 1, 0]
[2022-03-07 16:18:10,199] {challenge_controller.py:16} INFO - post save hook for <class 'peewee.ModelBase'> created=True user 4 team:1
[2022-03-07 16:18:10,696] {challenge_controller.py:32} INFO - post save hook send mesage to {'user_id': 2, 'user_name': 'jan'}
[2022-03-07 16:18:11,218] {challenge_controller.py:32} INFO - post save hook send mesage to {'user_id': 3, 'user_name': 'eva'}
[2022-03-07 16:18:11,725] {challenge_controller.py:32} INFO - post save hook send mesage to {'user_id': 4, 'user_name': 'daniela'}
[2022-03-07 16:18:11,752] {challenge_controller.py:90} ERROR - <Model: TeamChallenge> instance matching query does not exist:
SQL: SELECT `t1`.`id`, `t1`.`name`, `t1`.`goal`, `t1`.`total_steps`, `t1`.`progress`, `t1`.`status`, `t1`.`date`, `t1`.`team_id`, `t1`.`teamMembersGoal` FROM `teamchallenge` AS `t1` WHERE (((`t1`.`team_id` = %s) AND `t1`.`date`) = %s) LIMIT %s OFFSET %s
Params: [1, datetime.datetime(2022, 3, 7, 16, 18, 11, 750016), 1, 0]
[2022-03-07 16:18:11,761] {challenge_controller.py:90} ERROR - <Model: TeamChallenge> instance matching query does not exist:
SQL: SELECT `t1`.`id`, `t1`.`name`, `t1`.`goal`, `t1`.`total_steps`, `t1`.`progress`, `t1`.`status`, `t1`.`date`, `t1`.`team_id`, `t1`.`teamMembersGoal` FROM `teamchallenge` AS `t1` WHERE (((`t1`.`team_id` = %s) AND `t1`.`date`) = %s) LIMIT %s OFFSET %s
Params: [1, datetime.datetime(2022, 3, 7, 16, 18, 11, 760735), 1, 0]
[2022-03-07 16:18:11,768] {challenge_controller.py:90} ERROR - <Model: TeamChallenge> instance matching query does not exist:
SQL: SELECT `t1`.`id`, `t1`.`name`, `t1`.`goal`, `t1`.`total_steps`, `t1`.`progress`, `t1`.`status`, `t1`.`date`, `t1`.`team_id`, `t1`.`teamMembersGoal` FROM `teamchallenge` AS `t1` WHERE (((`t1`.`team_id` = %s) AND `t1`.`date`) = %s) LIMIT %s OFFSET %s
Params: [1, datetime.datetime(2022, 3, 7, 16, 18, 11, 767103), 1, 0]
[2022-03-07 16:18:11,774] {challenge_controller.py:90} ERROR - <Model: TeamChallenge> instance matching query does not exist:
SQL: SELECT `t1`.`id`, `t1`.`name`, `t1`.`goal`, `t1`.`total_steps`, `t1`.`progress`, `t1`.`status`, `t1`.`date`, `t1`.`team_id`, `t1`.`teamMembersGoal` FROM `teamchallenge` AS `t1` WHERE (((`t1`.`team_id` = %s) AND `t1`.`date`) = %s) LIMIT %s OFFSET %s
Params: [1, datetime.datetime(2022, 3, 7, 16, 18, 11, 772862), 1, 0]
[2022-03-07 16:18:11,778] {challenge_controller.py:101} ERROR - <Model: TeamChallenge> instance matching query does not exist:
SQL: SELECT `t1`.`id`, `t1`.`name`, `t1`.`goal`, `t1`.`total_steps`, `t1`.`progress`, `t1`.`status`, `t1`.`date`, `t1`.`team_id`, `t1`.`teamMembersGoal` FROM `teamchallenge` AS `t1` WHERE (((`t1`.`team_id` = %s) AND `t1`.`date`) = %s) LIMIT %s OFFSET %s
Params: [1, datetime.datetime(2022, 3, 7, 16, 18, 11, 777073), 1, 0]
[2022-03-07 16:18:11,788] {challenge_controller.py:16} INFO - post save hook for <class 'peewee.ModelBase'> created=True user 5 team:1
[2022-03-07 16:18:12,288] {challenge_controller.py:32} INFO - post save hook send mesage to {'user_id': 2, 'user_name': 'jan'}
[2022-03-07 16:18:12,821] {challenge_controller.py:32} INFO - post save hook send mesage to {'user_id': 3, 'user_name': 'eva'}
[2022-03-07 16:18:13,332] {challenge_controller.py:32} INFO - post save hook send mesage to {'user_id': 4, 'user_name': 'daniela'}
[2022-03-07 16:18:13,859] {challenge_controller.py:32} INFO - post save hook send mesage to {'user_id': 5, 'user_name': 'dimi'}
[2022-03-07 16:18:13,897] {challenge_controller.py:90} ERROR - <Model: TeamChallenge> instance matching query does not exist:
SQL: SELECT `t1`.`id`, `t1`.`name`, `t1`.`goal`, `t1`.`total_steps`, `t1`.`progress`, `t1`.`status`, `t1`.`date`, `t1`.`team_id`, `t1`.`teamMembersGoal` FROM `teamchallenge` AS `t1` WHERE (((`t1`.`team_id` = %s) AND `t1`.`date`) = %s) LIMIT %s OFFSET %s
Params: [1, datetime.datetime(2022, 3, 7, 16, 18, 13, 894922), 1, 0]
[2022-03-07 16:18:13,905] {challenge_controller.py:90} ERROR - <Model: TeamChallenge> instance matching query does not exist:
SQL: SELECT `t1`.`id`, `t1`.`name`, `t1`.`goal`, `t1`.`total_steps`, `t1`.`progress`, `t1`.`status`, `t1`.`date`, `t1`.`team_id`, `t1`.`teamMembersGoal` FROM `teamchallenge` AS `t1` WHERE (((`t1`.`team_id` = %s) AND `t1`.`date`) = %s) LIMIT %s OFFSET %s
Params: [1, datetime.datetime(2022, 3, 7, 16, 18, 13, 903293), 1, 0]
[2022-03-07 16:18:13,911] {challenge_controller.py:90} ERROR - <Model: TeamChallenge> instance matching query does not exist:
SQL: SELECT `t1`.`id`, `t1`.`name`, `t1`.`goal`, `t1`.`total_steps`, `t1`.`progress`, `t1`.`status`, `t1`.`date`, `t1`.`team_id`, `t1`.`teamMembersGoal` FROM `teamchallenge` AS `t1` WHERE (((`t1`.`team_id` = %s) AND `t1`.`date`) = %s) LIMIT %s OFFSET %s
Params: [1, datetime.datetime(2022, 3, 7, 16, 18, 13, 910424), 1, 0]
[2022-03-07 16:18:13,916] {challenge_controller.py:90} ERROR - <Model: TeamChallenge> instance matching query does not exist:
SQL: SELECT `t1`.`id`, `t1`.`name`, `t1`.`goal`, `t1`.`total_steps`, `t1`.`progress`, `t1`.`status`, `t1`.`date`, `t1`.`team_id`, `t1`.`teamMembersGoal` FROM `teamchallenge` AS `t1` WHERE (((`t1`.`team_id` = %s) AND `t1`.`date`) = %s) LIMIT %s OFFSET %s
Params: [1, datetime.datetime(2022, 3, 7, 16, 18, 13, 914842), 1, 0]
[2022-03-07 16:18:13,924] {challenge_controller.py:90} ERROR - <Model: TeamChallenge> instance matching query does not exist:
SQL: SELECT `t1`.`id`, `t1`.`name`, `t1`.`goal`, `t1`.`total_steps`, `t1`.`progress`, `t1`.`status`, `t1`.`date`, `t1`.`team_id`, `t1`.`teamMembersGoal` FROM `teamchallenge` AS `t1` WHERE (((`t1`.`team_id` = %s) AND `t1`.`date`) = %s) LIMIT %s OFFSET %s
Params: [1, datetime.datetime(2022, 3, 7, 16, 18, 13, 923612), 1, 0]
[2022-03-07 16:18:13,928] {challenge_controller.py:101} ERROR - <Model: TeamChallenge> instance matching query does not exist:
SQL: SELECT `t1`.`id`, `t1`.`name`, `t1`.`goal`, `t1`.`total_steps`, `t1`.`progress`, `t1`.`status`, `t1`.`date`, `t1`.`team_id`, `t1`.`teamMembersGoal` FROM `teamchallenge` AS `t1` WHERE (((`t1`.`team_id` = %s) AND `t1`.`date`) = %s) LIMIT %s OFFSET %s
Params: [1, datetime.datetime(2022, 3, 7, 16, 18, 13, 927352), 1, 0]
[2022-03-07 16:18:13,936] {challenge_controller.py:16} INFO - post save hook for <class 'peewee.ModelBase'> created=True user 6 team:1
[2022-03-07 16:18:14,414] {challenge_controller.py:32} INFO - post save hook send mesage to {'user_id': 2, 'user_name': 'jan'}
[2022-03-07 16:18:15,044] {challenge_controller.py:32} INFO - post save hook send mesage to {'user_id': 3, 'user_name': 'eva'}
[2022-03-07 16:18:15,554] {challenge_controller.py:32} INFO - post save hook send mesage to {'user_id': 4, 'user_name': 'daniela'}
[2022-03-07 16:18:16,087] {challenge_controller.py:32} INFO - post save hook send mesage to {'user_id': 5, 'user_name': 'dimi'}
[2022-03-07 16:18:16,627] {challenge_controller.py:32} INFO - post save hook send mesage to {'user_id': 6, 'user_name': 'testy'}
[2022-03-07 16:18:16,687] {_internal.py:225} WARNING -  * Running on all addresses.
   WARNING: This is a development server. Do not use it in a production deployment.
[2022-03-07 16:18:16,689] {_internal.py:225} INFO -  * Running on http://192.168.0.116:11883/ (Press CTRL+C to quit)
[2022-03-07 16:18:16,694] {_internal.py:225} INFO -  * Restarting with stat
[2022-03-07 16:18:23,102] {main.py:116} INFO - test logger
[2022-03-07 16:18:23,304] {challenge_controller.py:90} ERROR - <Model: TeamChallenge> instance matching query does not exist:
SQL: SELECT `t1`.`id`, `t1`.`name`, `t1`.`goal`, `t1`.`total_steps`, `t1`.`progress`, `t1`.`status`, `t1`.`date`, `t1`.`team_id`, `t1`.`teamMembersGoal` FROM `teamchallenge` AS `t1` WHERE (((`t1`.`team_id` = %s) AND `t1`.`date`) = %s) LIMIT %s OFFSET %s
Params: [1, datetime.datetime(2022, 3, 7, 16, 18, 23, 303464), 1, 0]
[2022-03-07 16:18:23,307] {challenge_controller.py:101} ERROR - <Model: TeamChallenge> instance matching query does not exist:
SQL: SELECT `t1`.`id`, `t1`.`name`, `t1`.`goal`, `t1`.`total_steps`, `t1`.`progress`, `t1`.`status`, `t1`.`date`, `t1`.`team_id`, `t1`.`teamMembersGoal` FROM `teamchallenge` AS `t1` WHERE (((`t1`.`team_id` = %s) AND `t1`.`date`) = %s) LIMIT %s OFFSET %s
Params: [1, datetime.datetime(2022, 3, 7, 16, 18, 23, 306662), 1, 0]
[2022-03-07 16:18:23,314] {challenge_controller.py:16} INFO - post save hook for <class 'peewee.ModelBase'> created=True user 2 team:1
[2022-03-07 16:18:23,946] {challenge_controller.py:32} INFO - post save hook send mesage to {'user_id': 2, 'user_name': 'jan'}
[2022-03-07 16:18:23,991] {challenge_controller.py:90} ERROR - <Model: TeamChallenge> instance matching query does not exist:
SQL: SELECT `t1`.`id`, `t1`.`name`, `t1`.`goal`, `t1`.`total_steps`, `t1`.`progress`, `t1`.`status`, `t1`.`date`, `t1`.`team_id`, `t1`.`teamMembersGoal` FROM `teamchallenge` AS `t1` WHERE (((`t1`.`team_id` = %s) AND `t1`.`date`) = %s) LIMIT %s OFFSET %s
Params: [1, datetime.datetime(2022, 3, 7, 16, 18, 23, 988107), 1, 0]
[2022-03-07 16:18:23,997] {challenge_controller.py:90} ERROR - <Model: TeamChallenge> instance matching query does not exist:
SQL: SELECT `t1`.`id`, `t1`.`name`, `t1`.`goal`, `t1`.`total_steps`, `t1`.`progress`, `t1`.`status`, `t1`.`date`, `t1`.`team_id`, `t1`.`teamMembersGoal` FROM `teamchallenge` AS `t1` WHERE (((`t1`.`team_id` = %s) AND `t1`.`date`) = %s) LIMIT %s OFFSET %s
Params: [1, datetime.datetime(2022, 3, 7, 16, 18, 23, 995147), 1, 0]
[2022-03-07 16:18:24,004] {challenge_controller.py:101} ERROR - <Model: TeamChallenge> instance matching query does not exist:
SQL: SELECT `t1`.`id`, `t1`.`name`, `t1`.`goal`, `t1`.`total_steps`, `t1`.`progress`, `t1`.`status`, `t1`.`date`, `t1`.`team_id`, `t1`.`teamMembersGoal` FROM `teamchallenge` AS `t1` WHERE (((`t1`.`team_id` = %s) AND `t1`.`date`) = %s) LIMIT %s OFFSET %s
Params: [1, datetime.datetime(2022, 3, 7, 16, 18, 24, 2895), 1, 0]
[2022-03-07 16:18:24,014] {challenge_controller.py:16} INFO - post save hook for <class 'peewee.ModelBase'> created=True user 3 team:1
[2022-03-07 16:18:24,553] {challenge_controller.py:32} INFO - post save hook send mesage to {'user_id': 2, 'user_name': 'jan'}
[2022-03-07 16:18:25,065] {challenge_controller.py:32} INFO - post save hook send mesage to {'user_id': 3, 'user_name': 'eva'}
[2022-03-07 16:18:25,110] {challenge_controller.py:90} ERROR - <Model: TeamChallenge> instance matching query does not exist:
SQL: SELECT `t1`.`id`, `t1`.`name`, `t1`.`goal`, `t1`.`total_steps`, `t1`.`progress`, `t1`.`status`, `t1`.`date`, `t1`.`team_id`, `t1`.`teamMembersGoal` FROM `teamchallenge` AS `t1` WHERE (((`t1`.`team_id` = %s) AND `t1`.`date`) = %s) LIMIT %s OFFSET %s
Params: [1, datetime.datetime(2022, 3, 7, 16, 18, 25, 107673), 1, 0]
[2022-03-07 16:18:25,117] {challenge_controller.py:90} ERROR - <Model: TeamChallenge> instance matching query does not exist:
SQL: SELECT `t1`.`id`, `t1`.`name`, `t1`.`goal`, `t1`.`total_steps`, `t1`.`progress`, `t1`.`status`, `t1`.`date`, `t1`.`team_id`, `t1`.`teamMembersGoal` FROM `teamchallenge` AS `t1` WHERE (((`t1`.`team_id` = %s) AND `t1`.`date`) = %s) LIMIT %s OFFSET %s
Params: [1, datetime.datetime(2022, 3, 7, 16, 18, 25, 115849), 1, 0]
[2022-03-07 16:18:25,125] {challenge_controller.py:90} ERROR - <Model: TeamChallenge> instance matching query does not exist:
SQL: SELECT `t1`.`id`, `t1`.`name`, `t1`.`goal`, `t1`.`total_steps`, `t1`.`progress`, `t1`.`status`, `t1`.`date`, `t1`.`team_id`, `t1`.`teamMembersGoal` FROM `teamchallenge` AS `t1` WHERE (((`t1`.`team_id` = %s) AND `t1`.`date`) = %s) LIMIT %s OFFSET %s
Params: [1, datetime.datetime(2022, 3, 7, 16, 18, 25, 124750), 1, 0]
[2022-03-07 16:18:25,129] {challenge_controller.py:101} ERROR - <Model: TeamChallenge> instance matching query does not exist:
SQL: SELECT `t1`.`id`, `t1`.`name`, `t1`.`goal`, `t1`.`total_steps`, `t1`.`progress`, `t1`.`status`, `t1`.`date`, `t1`.`team_id`, `t1`.`teamMembersGoal` FROM `teamchallenge` AS `t1` WHERE (((`t1`.`team_id` = %s) AND `t1`.`date`) = %s) LIMIT %s OFFSET %s
Params: [1, datetime.datetime(2022, 3, 7, 16, 18, 25, 128594), 1, 0]
[2022-03-07 16:18:25,138] {challenge_controller.py:16} INFO - post save hook for <class 'peewee.ModelBase'> created=True user 4 team:1
[2022-03-07 16:18:25,623] {challenge_controller.py:32} INFO - post save hook send mesage to {'user_id': 2, 'user_name': 'jan'}
[2022-03-07 16:18:26,241] {challenge_controller.py:32} INFO - post save hook send mesage to {'user_id': 3, 'user_name': 'eva'}
[2022-03-07 16:18:26,765] {challenge_controller.py:32} INFO - post save hook send mesage to {'user_id': 4, 'user_name': 'daniela'}
[2022-03-07 16:18:26,806] {challenge_controller.py:90} ERROR - <Model: TeamChallenge> instance matching query does not exist:
SQL: SELECT `t1`.`id`, `t1`.`name`, `t1`.`goal`, `t1`.`total_steps`, `t1`.`progress`, `t1`.`status`, `t1`.`date`, `t1`.`team_id`, `t1`.`teamMembersGoal` FROM `teamchallenge` AS `t1` WHERE (((`t1`.`team_id` = %s) AND `t1`.`date`) = %s) LIMIT %s OFFSET %s
Params: [1, datetime.datetime(2022, 3, 7, 16, 18, 26, 802670), 1, 0]
[2022-03-07 16:18:26,812] {challenge_controller.py:90} ERROR - <Model: TeamChallenge> instance matching query does not exist:
SQL: SELECT `t1`.`id`, `t1`.`name`, `t1`.`goal`, `t1`.`total_steps`, `t1`.`progress`, `t1`.`status`, `t1`.`date`, `t1`.`team_id`, `t1`.`teamMembersGoal` FROM `teamchallenge` AS `t1` WHERE (((`t1`.`team_id` = %s) AND `t1`.`date`) = %s) LIMIT %s OFFSET %s
Params: [1, datetime.datetime(2022, 3, 7, 16, 18, 26, 809818), 1, 0]
[2022-03-07 16:18:26,820] {challenge_controller.py:90} ERROR - <Model: TeamChallenge> instance matching query does not exist:
SQL: SELECT `t1`.`id`, `t1`.`name`, `t1`.`goal`, `t1`.`total_steps`, `t1`.`progress`, `t1`.`status`, `t1`.`date`, `t1`.`team_id`, `t1`.`teamMembersGoal` FROM `teamchallenge` AS `t1` WHERE (((`t1`.`team_id` = %s) AND `t1`.`date`) = %s) LIMIT %s OFFSET %s
Params: [1, datetime.datetime(2022, 3, 7, 16, 18, 26, 819410), 1, 0]
[2022-03-07 16:18:26,828] {challenge_controller.py:90} ERROR - <Model: TeamChallenge> instance matching query does not exist:
SQL: SELECT `t1`.`id`, `t1`.`name`, `t1`.`goal`, `t1`.`total_steps`, `t1`.`progress`, `t1`.`status`, `t1`.`date`, `t1`.`team_id`, `t1`.`teamMembersGoal` FROM `teamchallenge` AS `t1` WHERE (((`t1`.`team_id` = %s) AND `t1`.`date`) = %s) LIMIT %s OFFSET %s
Params: [1, datetime.datetime(2022, 3, 7, 16, 18, 26, 827152), 1, 0]
[2022-03-07 16:18:26,833] {challenge_controller.py:101} ERROR - <Model: TeamChallenge> instance matching query does not exist:
SQL: SELECT `t1`.`id`, `t1`.`name`, `t1`.`goal`, `t1`.`total_steps`, `t1`.`progress`, `t1`.`status`, `t1`.`date`, `t1`.`team_id`, `t1`.`teamMembersGoal` FROM `teamchallenge` AS `t1` WHERE (((`t1`.`team_id` = %s) AND `t1`.`date`) = %s) LIMIT %s OFFSET %s
Params: [1, datetime.datetime(2022, 3, 7, 16, 18, 26, 831880), 1, 0]
[2022-03-07 16:18:26,843] {challenge_controller.py:16} INFO - post save hook for <class 'peewee.ModelBase'> created=True user 5 team:1
[2022-03-07 16:18:27,347] {challenge_controller.py:32} INFO - post save hook send mesage to {'user_id': 2, 'user_name': 'jan'}
[2022-03-07 16:18:27,870] {challenge_controller.py:32} INFO - post save hook send mesage to {'user_id': 3, 'user_name': 'eva'}
[2022-03-07 16:18:28,389] {challenge_controller.py:32} INFO - post save hook send mesage to {'user_id': 4, 'user_name': 'daniela'}
[2022-03-07 16:18:28,937] {challenge_controller.py:32} INFO - post save hook send mesage to {'user_id': 5, 'user_name': 'dimi'}
[2022-03-07 16:18:29,000] {challenge_controller.py:90} ERROR - <Model: TeamChallenge> instance matching query does not exist:
SQL: SELECT `t1`.`id`, `t1`.`name`, `t1`.`goal`, `t1`.`total_steps`, `t1`.`progress`, `t1`.`status`, `t1`.`date`, `t1`.`team_id`, `t1`.`teamMembersGoal` FROM `teamchallenge` AS `t1` WHERE (((`t1`.`team_id` = %s) AND `t1`.`date`) = %s) LIMIT %s OFFSET %s
Params: [1, datetime.datetime(2022, 3, 7, 16, 18, 28, 997905), 1, 0]
[2022-03-07 16:18:29,007] {challenge_controller.py:90} ERROR - <Model: TeamChallenge> instance matching query does not exist:
SQL: SELECT `t1`.`id`, `t1`.`name`, `t1`.`goal`, `t1`.`total_steps`, `t1`.`progress`, `t1`.`status`, `t1`.`date`, `t1`.`team_id`, `t1`.`teamMembersGoal` FROM `teamchallenge` AS `t1` WHERE (((`t1`.`team_id` = %s) AND `t1`.`date`) = %s) LIMIT %s OFFSET %s
Params: [1, datetime.datetime(2022, 3, 7, 16, 18, 29, 5877), 1, 0]
[2022-03-07 16:18:29,013] {challenge_controller.py:90} ERROR - <Model: TeamChallenge> instance matching query does not exist:
SQL: SELECT `t1`.`id`, `t1`.`name`, `t1`.`goal`, `t1`.`total_steps`, `t1`.`progress`, `t1`.`status`, `t1`.`date`, `t1`.`team_id`, `t1`.`teamMembersGoal` FROM `teamchallenge` AS `t1` WHERE (((`t1`.`team_id` = %s) AND `t1`.`date`) = %s) LIMIT %s OFFSET %s
Params: [1, datetime.datetime(2022, 3, 7, 16, 18, 29, 11401), 1, 0]
[2022-03-07 16:18:29,018] {challenge_controller.py:90} ERROR - <Model: TeamChallenge> instance matching query does not exist:
SQL: SELECT `t1`.`id`, `t1`.`name`, `t1`.`goal`, `t1`.`total_steps`, `t1`.`progress`, `t1`.`status`, `t1`.`date`, `t1`.`team_id`, `t1`.`teamMembersGoal` FROM `teamchallenge` AS `t1` WHERE (((`t1`.`team_id` = %s) AND `t1`.`date`) = %s) LIMIT %s OFFSET %s
Params: [1, datetime.datetime(2022, 3, 7, 16, 18, 29, 17399), 1, 0]
[2022-03-07 16:18:29,022] {challenge_controller.py:90} ERROR - <Model: TeamChallenge> instance matching query does not exist:
SQL: SELECT `t1`.`id`, `t1`.`name`, `t1`.`goal`, `t1`.`total_steps`, `t1`.`progress`, `t1`.`status`, `t1`.`date`, `t1`.`team_id`, `t1`.`teamMembersGoal` FROM `teamchallenge` AS `t1` WHERE (((`t1`.`team_id` = %s) AND `t1`.`date`) = %s) LIMIT %s OFFSET %s
Params: [1, datetime.datetime(2022, 3, 7, 16, 18, 29, 21558), 1, 0]
[2022-03-07 16:18:29,027] {challenge_controller.py:101} ERROR - <Model: TeamChallenge> instance matching query does not exist:
SQL: SELECT `t1`.`id`, `t1`.`name`, `t1`.`goal`, `t1`.`total_steps`, `t1`.`progress`, `t1`.`status`, `t1`.`date`, `t1`.`team_id`, `t1`.`teamMembersGoal` FROM `teamchallenge` AS `t1` WHERE (((`t1`.`team_id` = %s) AND `t1`.`date`) = %s) LIMIT %s OFFSET %s
Params: [1, datetime.datetime(2022, 3, 7, 16, 18, 29, 25846), 1, 0]
[2022-03-07 16:18:29,037] {challenge_controller.py:16} INFO - post save hook for <class 'peewee.ModelBase'> created=True user 6 team:1
[2022-03-07 16:18:29,529] {challenge_controller.py:32} INFO - post save hook send mesage to {'user_id': 2, 'user_name': 'jan'}
[2022-03-07 16:18:30,055] {challenge_controller.py:32} INFO - post save hook send mesage to {'user_id': 3, 'user_name': 'eva'}
[2022-03-07 16:18:30,541] {challenge_controller.py:32} INFO - post save hook send mesage to {'user_id': 4, 'user_name': 'daniela'}
[2022-03-07 16:18:31,083] {challenge_controller.py:32} INFO - post save hook send mesage to {'user_id': 5, 'user_name': 'dimi'}
[2022-03-07 16:18:31,590] {challenge_controller.py:32} INFO - post save hook send mesage to {'user_id': 6, 'user_name': 'testy'}
[2022-03-07 16:18:31,640] {_internal.py:225} WARNING -  * Debugger is active!
[2022-03-07 16:18:31,642] {_internal.py:225} INFO -  * Debugger PIN: 375-848-732
[2022-03-07 16:18:45,134] {_internal.py:225} INFO - 192.168.0.116 - - [07/Mar/2022 16:18:45] "[32mGET /api/user/1 HTTP/1.1[0m" 308 -
[2022-03-07 16:18:45,168] {_internal.py:225} INFO - 192.168.0.116 - - [07/Mar/2022 16:18:45] "GET /api/user/1/ HTTP/1.1" 200 -
[2022-03-07 16:18:45,383] {_internal.py:225} INFO - 192.168.0.116 - - [07/Mar/2022 16:18:45] "[33mGET /favicon.ico HTTP/1.1[0m" 404 -
[2023-05-30 16:04:09,937] {_internal.py:225} INFO -  * Running on http://127.0.0.1:11883/ (Press CTRL+C to quit)
[2023-05-30 16:04:09,938] {_internal.py:225} INFO -  * Restarting with stat
[2023-05-30 16:04:11,386] {_internal.py:225} WARNING -  * Debugger is active!
[2023-05-30 16:04:11,397] {_internal.py:225} INFO -  * Debugger PIN: 944-233-694
[2023-05-30 16:04:15,844] {_internal.py:225} INFO - 127.0.0.1 - - [30/May/2023 16:04:15] "[35m[1mGET /challenge/user/1 HTTP/1.1[0m" 500 -
[2023-05-30 16:04:15,961] {_internal.py:225} INFO - 127.0.0.1 - - [30/May/2023 16:04:15] "GET /challenge/user/1?__debugger__=yes&cmd=resource&f=style.css HTTP/1.1" 200 -
[2023-05-30 16:04:15,963] {_internal.py:225} INFO - 127.0.0.1 - - [30/May/2023 16:04:15] "GET /challenge/user/1?__debugger__=yes&cmd=resource&f=debugger.js HTTP/1.1" 200 -
[2023-05-30 16:04:15,979] {_internal.py:225} INFO - 127.0.0.1 - - [30/May/2023 16:04:15] "GET /challenge/user/1?__debugger__=yes&cmd=resource&f=console.png HTTP/1.1" 200 -
[2023-05-30 16:04:16,074] {_internal.py:225} INFO - 127.0.0.1 - - [30/May/2023 16:04:16] "GET /challenge/user/1?__debugger__=yes&cmd=resource&f=ubuntu.ttf HTTP/1.1" 200 -
[2023-05-30 16:04:57,960] {_internal.py:225} INFO -  * Detected change in '/Users/dmitryalexandrovsky/development/lbi-shared-achievement/shared-achievement/backend/webapp/utils.py', reloading
[2023-05-30 16:04:58,155] {_internal.py:225} INFO -  * Restarting with stat
[2023-05-30 16:04:59,780] {_internal.py:225} WARNING -  * Debugger is active!
[2023-05-30 16:04:59,791] {_internal.py:225} INFO -  * Debugger PIN: 944-233-694
[2023-05-30 16:05:06,357] {_internal.py:225} INFO - 127.0.0.1 - - [30/May/2023 16:05:06] "[35m[1mGET /challenge/user/1 HTTP/1.1[0m" 500 -
[2023-05-30 16:05:06,450] {_internal.py:225} INFO - 127.0.0.1 - - [30/May/2023 16:05:06] "GET /challenge/user/1?__debugger__=yes&cmd=resource&f=style.css HTTP/1.1" 200 -
[2023-05-30 16:05:06,451] {_internal.py:225} INFO - 127.0.0.1 - - [30/May/2023 16:05:06] "GET /challenge/user/1?__debugger__=yes&cmd=resource&f=debugger.js HTTP/1.1" 200 -
[2023-05-30 16:05:06,467] {_internal.py:225} INFO - 127.0.0.1 - - [30/May/2023 16:05:06] "GET /challenge/user/1?__debugger__=yes&cmd=resource&f=console.png HTTP/1.1" 200 -
[2023-05-30 16:05:06,559] {_internal.py:225} INFO - 127.0.0.1 - - [30/May/2023 16:05:06] "GET /challenge/user/1?__debugger__=yes&cmd=resource&f=ubuntu.ttf HTTP/1.1" 200 -
[2023-05-30 16:05:33,430] {_internal.py:225} INFO -  * Detected change in '/Users/dmitryalexandrovsky/development/lbi-shared-achievement/shared-achievement/backend/webapp/utils.py', reloading
[2023-05-30 16:05:33,608] {_internal.py:225} INFO -  * Restarting with stat
[2023-05-30 16:05:35,168] {_internal.py:225} WARNING -  * Debugger is active!
[2023-05-30 16:05:35,180] {_internal.py:225} INFO -  * Debugger PIN: 944-233-694
[2023-05-30 16:05:51,456] {_internal.py:225} INFO -  * Detected change in '/Users/dmitryalexandrovsky/development/lbi-shared-achievement/shared-achievement/backend/webapp/utils.py', reloading
[2023-05-30 16:05:51,641] {_internal.py:225} INFO -  * Restarting with stat
[2023-05-30 16:05:53,179] {_internal.py:225} WARNING -  * Debugger is active!
[2023-05-30 16:05:53,190] {_internal.py:225} INFO -  * Debugger PIN: 944-233-694
[2023-05-30 16:06:36,179] {_internal.py:225} INFO -  * Detected change in '/Users/dmitryalexandrovsky/development/lbi-shared-achievement/shared-achievement/backend/webapp/utils.py', reloading
[2023-05-30 16:06:36,394] {_internal.py:225} INFO -  * Restarting with stat
[2023-05-30 16:06:38,255] {_internal.py:225} WARNING -  * Debugger is active!
[2023-05-30 16:06:38,267] {_internal.py:225} INFO -  * Debugger PIN: 944-233-694
[2023-05-30 16:06:40,004] {_internal.py:225} INFO -  * Detected change in '/Users/dmitryalexandrovsky/development/lbi-shared-achievement/shared-achievement/backend/webapp/utils.py', reloading
[2023-05-30 16:06:40,209] {_internal.py:225} INFO -  * Restarting with stat
[2023-05-30 16:06:41,886] {_internal.py:225} WARNING -  * Debugger is active!
[2023-05-30 16:06:41,897] {_internal.py:225} INFO -  * Debugger PIN: 944-233-694
[2023-05-30 16:06:45,481] {_internal.py:225} INFO -  * Detected change in '/Users/dmitryalexandrovsky/development/lbi-shared-achievement/shared-achievement/backend/webapp/utils.py', reloading
[2023-05-30 16:06:45,657] {_internal.py:225} INFO -  * Restarting with stat
[2023-05-30 16:06:47,262] {_internal.py:225} WARNING -  * Debugger is active!
[2023-05-30 16:06:47,273] {_internal.py:225} INFO -  * Debugger PIN: 944-233-694
[2023-05-30 16:06:50,755] {_internal.py:225} INFO -  * Detected change in '/Users/dmitryalexandrovsky/development/lbi-shared-achievement/shared-achievement/backend/webapp/utils.py', reloading
[2023-05-30 16:06:50,947] {_internal.py:225} INFO -  * Restarting with stat
[2023-05-30 16:06:52,582] {_internal.py:225} WARNING -  * Debugger is active!
[2023-05-30 16:06:52,593] {_internal.py:225} INFO -  * Debugger PIN: 944-233-694
[2023-05-30 16:06:56,066] {_internal.py:225} INFO -  * Detected change in '/Users/dmitryalexandrovsky/development/lbi-shared-achievement/shared-achievement/backend/webapp/utils.py', reloading
[2023-05-30 16:06:56,256] {_internal.py:225} INFO -  * Restarting with stat
[2023-05-30 16:06:57,896] {_internal.py:225} WARNING -  * Debugger is active!
[2023-05-30 16:06:57,907] {_internal.py:225} INFO -  * Debugger PIN: 944-233-694
[2023-05-30 16:07:08,994] {_internal.py:225} INFO -  * Detected change in '/Users/dmitryalexandrovsky/development/lbi-shared-achievement/shared-achievement/backend/webapp/utils.py', reloading
[2023-05-30 16:07:09,171] {_internal.py:225} INFO -  * Restarting with stat
[2023-05-30 16:07:10,764] {_internal.py:225} WARNING -  * Debugger is active!
[2023-05-30 16:07:10,775] {_internal.py:225} INFO -  * Debugger PIN: 944-233-694
[2023-05-30 16:07:12,410] {_internal.py:225} INFO -  * Detected change in '/Users/dmitryalexandrovsky/development/lbi-shared-achievement/shared-achievement/backend/webapp/utils.py', reloading
[2023-05-30 16:07:12,605] {_internal.py:225} INFO -  * Restarting with stat
[2023-05-30 16:07:14,237] {_internal.py:225} WARNING -  * Debugger is active!
[2023-05-30 16:07:14,249] {_internal.py:225} INFO -  * Debugger PIN: 944-233-694
[2023-05-30 16:07:25,282] {_internal.py:225} INFO -  * Detected change in '/Users/dmitryalexandrovsky/development/lbi-shared-achievement/shared-achievement/backend/webapp/utils.py', reloading
[2023-05-30 16:07:25,467] {_internal.py:225} INFO -  * Restarting with stat
[2023-05-30 16:07:27,051] {_internal.py:225} WARNING -  * Debugger is active!
[2023-05-30 16:07:27,062] {_internal.py:225} INFO -  * Debugger PIN: 944-233-694
[2023-05-30 16:10:27,841] {_internal.py:225} INFO -  * Detected change in '/Users/dmitryalexandrovsky/development/lbi-shared-achievement/shared-achievement/backend/webapp/utils.py', reloading
[2023-05-30 16:10:28,050] {_internal.py:225} INFO -  * Restarting with stat
[2023-05-30 16:10:29,821] {_internal.py:225} WARNING -  * Debugger is active!
[2023-05-30 16:10:29,833] {_internal.py:225} INFO -  * Debugger PIN: 944-233-694
[2023-05-30 16:10:31,266] {_internal.py:225} INFO -  * Detected change in '/Users/dmitryalexandrovsky/development/lbi-shared-achievement/shared-achievement/backend/webapp/utils.py', reloading
[2023-05-30 16:10:31,438] {_internal.py:225} INFO -  * Restarting with stat
[2023-05-30 16:12:03,569] {_internal.py:225} INFO -  * Running on http://127.0.0.1:11883/ (Press CTRL+C to quit)
[2023-05-30 16:12:03,569] {_internal.py:225} INFO -  * Restarting with stat
[2023-05-30 16:12:05,157] {_internal.py:225} WARNING -  * Debugger is active!
[2023-05-30 16:12:05,169] {_internal.py:225} INFO -  * Debugger PIN: 944-233-694
[2023-05-30 16:12:29,798] {_internal.py:225} INFO - 127.0.0.1 - - [30/May/2023 16:12:29] "GET / HTTP/1.1" 200 -
[2023-05-30 16:12:38,283] {_internal.py:225} INFO - 127.0.0.1 - - [30/May/2023 16:12:38] "GET / HTTP/1.1" 200 -
[2023-05-30 16:12:41,128] {_internal.py:225} INFO - 127.0.0.1 - - [30/May/2023 16:12:41] "GET /api/user/ HTTP/1.1" 200 -
[2023-05-30 16:12:42,742] {_internal.py:225} INFO - 127.0.0.1 - - [30/May/2023 16:12:42] "GET /api/user/1/ HTTP/1.1" 200 -
[2023-05-30 16:13:20,962] {_internal.py:225} INFO -  * Detected change in '/Users/dmitryalexandrovsky/development/lbi-shared-achievement/shared-achievement/backend/webapp/main.py', reloading
[2023-05-30 16:13:21,149] {_internal.py:225} INFO -  * Restarting with stat
[2023-05-30 16:13:22,963] {_internal.py:225} WARNING -  * Debugger is active!
[2023-05-30 16:13:22,976] {_internal.py:225} INFO -  * Debugger PIN: 944-233-694
[2023-05-30 16:13:24,402] {_internal.py:225} INFO -  * Detected change in '/Users/dmitryalexandrovsky/development/lbi-shared-achievement/shared-achievement/backend/webapp/main.py', reloading
[2023-05-30 16:13:24,577] {_internal.py:225} INFO -  * Restarting with stat
[2023-05-30 16:13:26,038] {_internal.py:225} WARNING -  * Debugger is active!
[2023-05-30 16:13:26,049] {_internal.py:225} INFO -  * Debugger PIN: 944-233-694
[2023-05-30 16:13:59,818] {_internal.py:225} INFO - 127.0.0.1 - - [30/May/2023 16:13:59] "GET /accounts/login/ HTTP/1.1" 200 -
[2023-05-30 16:14:00,751] {_internal.py:225} INFO - 127.0.0.1 - - [30/May/2023 16:14:00] "GET /accounts/login/ HTTP/1.1" 200 -
[2023-05-30 16:14:01,135] {_internal.py:225} INFO - 127.0.0.1 - - [30/May/2023 16:14:01] "GET / HTTP/1.1" 200 -
[2023-05-30 16:14:01,675] {_internal.py:225} INFO - 127.0.0.1 - - [30/May/2023 16:14:01] "[35m[1mGET /challenge/user/1 HTTP/1.1[0m" 500 -
[2023-05-30 16:14:01,680] {_internal.py:225} INFO - 127.0.0.1 - - [30/May/2023 16:14:01] "GET /challenge/user/1?__debugger__=yes&cmd=resource&f=style.css HTTP/1.1" 200 -
[2023-05-30 16:14:01,682] {_internal.py:225} INFO - 127.0.0.1 - - [30/May/2023 16:14:01] "GET /challenge/user/1?__debugger__=yes&cmd=resource&f=ubuntu.ttf HTTP/1.1" 200 -
[2023-05-30 16:14:01,683] {_internal.py:225} INFO - 127.0.0.1 - - [30/May/2023 16:14:01] "GET /challenge/user/1?__debugger__=yes&cmd=resource&f=debugger.js HTTP/1.1" 200 -
[2023-05-30 16:14:01,684] {_internal.py:225} INFO - 127.0.0.1 - - [30/May/2023 16:14:01] "GET /challenge/user/1?__debugger__=yes&cmd=resource&f=console.png HTTP/1.1" 200 -
[2023-05-30 16:14:31,396] {_internal.py:225} INFO -  * Detected change in '/Users/dmitryalexandrovsky/development/lbi-shared-achievement/shared-achievement/backend/webapp/utils.py', reloading
[2023-05-30 16:14:31,590] {_internal.py:225} INFO -  * Restarting with stat
[2023-05-30 16:14:33,401] {_internal.py:225} WARNING -  * Debugger is active!
[2023-05-30 16:14:33,412] {_internal.py:225} INFO -  * Debugger PIN: 944-233-694
[2023-05-30 16:15:11,826] {_internal.py:225} INFO -  * Running on http://127.0.0.1:11883/ (Press CTRL+C to quit)
[2023-05-30 16:15:11,827] {_internal.py:225} INFO -  * Restarting with stat
[2023-05-30 16:15:13,257] {_internal.py:225} WARNING -  * Debugger is active!
[2023-05-30 16:15:13,268] {_internal.py:225} INFO -  * Debugger PIN: 944-233-694
[2023-05-30 16:15:19,385] {_internal.py:225} INFO - 127.0.0.1 - - [30/May/2023 16:15:19] "[35m[1mGET /challenge/user/1 HTTP/1.1[0m" 500 -
[2023-05-30 16:15:19,390] {_internal.py:225} INFO - 127.0.0.1 - - [30/May/2023 16:15:19] "GET /challenge/user/1?__debugger__=yes&cmd=resource&f=style.css HTTP/1.1" 200 -
[2023-05-30 16:15:19,390] {_internal.py:225} INFO - 127.0.0.1 - - [30/May/2023 16:15:19] "GET /challenge/user/1?__debugger__=yes&cmd=resource&f=ubuntu.ttf HTTP/1.1" 200 -
[2023-05-30 16:15:19,391] {_internal.py:225} INFO - 127.0.0.1 - - [30/May/2023 16:15:19] "GET /challenge/user/1?__debugger__=yes&cmd=resource&f=debugger.js HTTP/1.1" 200 -
[2023-05-30 16:15:19,393] {_internal.py:225} INFO - 127.0.0.1 - - [30/May/2023 16:15:19] "GET /challenge/user/1?__debugger__=yes&cmd=resource&f=console.png HTTP/1.1" 200 -
[2023-05-30 16:15:35,570] {_internal.py:225} INFO -  * Detected change in '/Users/dmitryalexandrovsky/development/lbi-shared-achievement/shared-achievement/backend/webapp/utils.py', reloading
[2023-05-30 16:15:35,760] {_internal.py:225} INFO -  * Restarting with stat
[2023-05-30 16:15:37,373] {_internal.py:225} WARNING -  * Debugger is active!
[2023-05-30 16:15:37,383] {_internal.py:225} INFO -  * Debugger PIN: 944-233-694
[2023-05-30 16:15:40,671] {_internal.py:225} INFO -  * Detected change in '/Users/dmitryalexandrovsky/development/lbi-shared-achievement/shared-achievement/backend/webapp/utils.py', reloading
[2023-05-30 16:15:40,859] {_internal.py:225} INFO -  * Restarting with stat
[2023-05-30 16:15:42,484] {_internal.py:225} WARNING -  * Debugger is active!
[2023-05-30 16:15:42,495] {_internal.py:225} INFO -  * Debugger PIN: 944-233-694
[2023-05-30 16:15:56,958] {_internal.py:225} INFO -  * Detected change in '/Users/dmitryalexandrovsky/development/lbi-shared-achievement/shared-achievement/backend/webapp/utils.py', reloading
[2023-05-30 16:15:57,147] {_internal.py:225} INFO -  * Restarting with stat
[2023-05-30 16:16:24,004] {_internal.py:225} INFO -  * Running on http://127.0.0.1:11883/ (Press CTRL+C to quit)
[2023-05-30 16:16:24,005] {_internal.py:225} INFO -  * Restarting with stat
[2023-05-30 16:16:25,493] {_internal.py:225} WARNING -  * Debugger is active!
[2023-05-30 16:16:25,505] {_internal.py:225} INFO -  * Debugger PIN: 944-233-694
[2023-05-30 16:16:31,119] {_internal.py:225} INFO - 127.0.0.1 - - [30/May/2023 16:16:31] "[35m[1mGET /challenge/user/1 HTTP/1.1[0m" 500 -
[2023-05-30 16:16:31,201] {_internal.py:225} INFO - 127.0.0.1 - - [30/May/2023 16:16:31] "GET /challenge/user/1?__debugger__=yes&cmd=resource&f=debugger.js HTTP/1.1" 200 -
[2023-05-30 16:16:31,203] {_internal.py:225} INFO - 127.0.0.1 - - [30/May/2023 16:16:31] "GET /challenge/user/1?__debugger__=yes&cmd=resource&f=style.css HTTP/1.1" 200 -
[2023-05-30 16:16:31,217] {_internal.py:225} INFO - 127.0.0.1 - - [30/May/2023 16:16:31] "GET /challenge/user/1?__debugger__=yes&cmd=resource&f=console.png HTTP/1.1" 200 -
[2023-05-30 16:16:31,319] {_internal.py:225} INFO - 127.0.0.1 - - [30/May/2023 16:16:31] "GET /challenge/user/1?__debugger__=yes&cmd=resource&f=ubuntu.ttf HTTP/1.1" 200 -
[2023-05-30 16:16:33,615] {_internal.py:225} INFO - 127.0.0.1 - - [30/May/2023 16:16:33] "[35m[1mGET /challenge/user/1 HTTP/1.1[0m" 500 -
[2023-05-30 16:16:33,690] {_internal.py:225} INFO - 127.0.0.1 - - [30/May/2023 16:16:33] "GET /challenge/user/1?__debugger__=yes&cmd=resource&f=style.css HTTP/1.1" 200 -
[2023-05-30 16:16:33,690] {_internal.py:225} INFO - 127.0.0.1 - - [30/May/2023 16:16:33] "GET /challenge/user/1?__debugger__=yes&cmd=resource&f=debugger.js HTTP/1.1" 200 -
[2023-05-30 16:16:33,705] {_internal.py:225} INFO - 127.0.0.1 - - [30/May/2023 16:16:33] "GET /challenge/user/1?__debugger__=yes&cmd=resource&f=console.png HTTP/1.1" 200 -
[2023-05-30 16:16:33,801] {_internal.py:225} INFO - 127.0.0.1 - - [30/May/2023 16:16:33] "GET /challenge/user/1?__debugger__=yes&cmd=resource&f=ubuntu.ttf HTTP/1.1" 200 -
[2023-05-30 16:16:46,046] {_internal.py:225} INFO -  * Detected change in '/Users/dmitryalexandrovsky/development/lbi-shared-achievement/shared-achievement/backend/webapp/utils.py', reloading
[2023-05-30 16:16:46,257] {_internal.py:225} INFO -  * Restarting with stat
[2023-05-30 16:16:47,797] {_internal.py:225} WARNING -  * Debugger is active!
[2023-05-30 16:16:47,808] {_internal.py:225} INFO -  * Debugger PIN: 944-233-694
[2023-05-30 16:16:57,018] {_internal.py:225} INFO - 127.0.0.1 - - [30/May/2023 16:16:57] "[35m[1mGET /challenge/user/1 HTTP/1.1[0m" 500 -
[2023-05-30 16:16:57,089] {_internal.py:225} INFO - 127.0.0.1 - - [30/May/2023 16:16:57] "GET /challenge/user/1?__debugger__=yes&cmd=resource&f=debugger.js HTTP/1.1" 200 -
[2023-05-30 16:16:57,091] {_internal.py:225} INFO - 127.0.0.1 - - [30/May/2023 16:16:57] "GET /challenge/user/1?__debugger__=yes&cmd=resource&f=style.css HTTP/1.1" 200 -
[2023-05-30 16:16:57,111] {_internal.py:225} INFO - 127.0.0.1 - - [30/May/2023 16:16:57] "GET /challenge/user/1?__debugger__=yes&cmd=resource&f=console.png HTTP/1.1" 200 -
[2023-05-30 16:16:57,213] {_internal.py:225} INFO - 127.0.0.1 - - [30/May/2023 16:16:57] "GET /challenge/user/1?__debugger__=yes&cmd=resource&f=ubuntu.ttf HTTP/1.1" 200 -
[2023-05-30 16:17:15,719] {_internal.py:225} INFO -  * Detected change in '/Users/dmitryalexandrovsky/development/lbi-shared-achievement/shared-achievement/backend/webapp/utils.py', reloading
[2023-05-30 16:17:15,899] {_internal.py:225} INFO -  * Restarting with stat
[2023-05-30 16:17:47,504] {_internal.py:225} INFO -  * Running on http://127.0.0.1:11883/ (Press CTRL+C to quit)
[2023-05-30 16:17:47,505] {_internal.py:225} INFO -  * Restarting with stat
[2023-05-30 16:17:48,945] {_internal.py:225} WARNING -  * Debugger is active!
[2023-05-30 16:17:48,957] {_internal.py:225} INFO -  * Debugger PIN: 944-233-694
[2023-05-30 16:17:49,885] {_internal.py:225} INFO - 127.0.0.1 - - [30/May/2023 16:17:49] "GET /challenge/user/1 HTTP/1.1" 200 -
[2023-05-30 16:18:52,318] {_internal.py:225} INFO -  * Detected change in '/Users/dmitryalexandrovsky/development/lbi-shared-achievement/shared-achievement/backend/webapp/models.py', reloading
[2023-05-30 16:18:52,490] {_internal.py:225} INFO -  * Restarting with stat
[2023-05-30 16:18:54,072] {_internal.py:225} WARNING -  * Debugger is active!
[2023-05-30 16:18:54,085] {_internal.py:225} INFO -  * Debugger PIN: 944-233-694
[2023-05-30 16:18:57,665] {_internal.py:225} INFO -  * Detected change in '/Users/dmitryalexandrovsky/development/lbi-shared-achievement/shared-achievement/backend/webapp/models.py', reloading
[2023-05-30 16:18:57,860] {_internal.py:225} INFO -  * Restarting with stat
[2023-05-30 16:18:59,530] {_internal.py:225} WARNING -  * Debugger is active!
[2023-05-30 16:18:59,541] {_internal.py:225} INFO -  * Debugger PIN: 944-233-694
[2023-05-30 16:19:01,065] {_internal.py:225} INFO -  * Detected change in '/Users/dmitryalexandrovsky/development/lbi-shared-achievement/shared-achievement/backend/webapp/models.py', reloading
[2023-05-30 16:19:01,256] {_internal.py:225} INFO -  * Restarting with stat
